Archive member included to satisfy reference by file (symbol)

/home/gsantini/st/stm32cubeide_1.16.1/plugins/com.st.stm32cube.ide.mcu.externaltools.gnu-tools-for-stm32.12.3.rel1.linux64_1.0.200.202406132123/tools/bin/../lib/gcc/arm-none-eabi/12.3.1/../../../../arm-none-eabi/lib/thumb/v7e-m+fp/hard/libc_nano.a(libc_a-exit.o)
                              /home/gsantini/st/stm32cubeide_1.16.1/plugins/com.st.stm32cube.ide.mcu.externaltools.gnu-tools-for-stm32.12.3.rel1.linux64_1.0.200.202406132123/tools/bin/../lib/gcc/arm-none-eabi/12.3.1/../../../../arm-none-eabi/lib/thumb/v7e-m+fp/hard/crt0.o (exit)
/home/gsantini/st/stm32cubeide_1.16.1/plugins/com.st.stm32cube.ide.mcu.externaltools.gnu-tools-for-stm32.12.3.rel1.linux64_1.0.200.202406132123/tools/bin/../lib/gcc/arm-none-eabi/12.3.1/../../../../arm-none-eabi/lib/thumb/v7e-m+fp/hard/libc_nano.a(libc_a-findfp.o)
                              /home/gsantini/st/stm32cubeide_1.16.1/plugins/com.st.stm32cube.ide.mcu.externaltools.gnu-tools-for-stm32.12.3.rel1.linux64_1.0.200.202406132123/tools/bin/../lib/gcc/arm-none-eabi/12.3.1/../../../../arm-none-eabi/lib/thumb/v7e-m+fp/hard/libc_nano.a(libc_a-exit.o) (__stdio_exit_handler)
/home/gsantini/st/stm32cubeide_1.16.1/plugins/com.st.stm32cube.ide.mcu.externaltools.gnu-tools-for-stm32.12.3.rel1.linux64_1.0.200.202406132123/tools/bin/../lib/gcc/arm-none-eabi/12.3.1/../../../../arm-none-eabi/lib/thumb/v7e-m+fp/hard/libc_nano.a(libc_a-fwalk.o)
                              /home/gsantini/st/stm32cubeide_1.16.1/plugins/com.st.stm32cube.ide.mcu.externaltools.gnu-tools-for-stm32.12.3.rel1.linux64_1.0.200.202406132123/tools/bin/../lib/gcc/arm-none-eabi/12.3.1/../../../../arm-none-eabi/lib/thumb/v7e-m+fp/hard/libc_nano.a(libc_a-findfp.o) (_fwalk_sglue)
/home/gsantini/st/stm32cubeide_1.16.1/plugins/com.st.stm32cube.ide.mcu.externaltools.gnu-tools-for-stm32.12.3.rel1.linux64_1.0.200.202406132123/tools/bin/../lib/gcc/arm-none-eabi/12.3.1/../../../../arm-none-eabi/lib/thumb/v7e-m+fp/hard/libc_nano.a(libc_a-snprintf.o)
                              ./Core/Src/main.o (snprintf)
/home/gsantini/st/stm32cubeide_1.16.1/plugins/com.st.stm32cube.ide.mcu.externaltools.gnu-tools-for-stm32.12.3.rel1.linux64_1.0.200.202406132123/tools/bin/../lib/gcc/arm-none-eabi/12.3.1/../../../../arm-none-eabi/lib/thumb/v7e-m+fp/hard/libc_nano.a(libc_a-stdio.o)
                              /home/gsantini/st/stm32cubeide_1.16.1/plugins/com.st.stm32cube.ide.mcu.externaltools.gnu-tools-for-stm32.12.3.rel1.linux64_1.0.200.202406132123/tools/bin/../lib/gcc/arm-none-eabi/12.3.1/../../../../arm-none-eabi/lib/thumb/v7e-m+fp/hard/libc_nano.a(libc_a-findfp.o) (__sread)
/home/gsantini/st/stm32cubeide_1.16.1/plugins/com.st.stm32cube.ide.mcu.externaltools.gnu-tools-for-stm32.12.3.rel1.linux64_1.0.200.202406132123/tools/bin/../lib/gcc/arm-none-eabi/12.3.1/../../../../arm-none-eabi/lib/thumb/v7e-m+fp/hard/libc_nano.a(libc_a-memmove.o)
                              ./Drivers/CMSIS/NN/Source/PoolingFunctions/arm_pool_q7_HWC.o (memmove)
/home/gsantini/st/stm32cubeide_1.16.1/plugins/com.st.stm32cube.ide.mcu.externaltools.gnu-tools-for-stm32.12.3.rel1.linux64_1.0.200.202406132123/tools/bin/../lib/gcc/arm-none-eabi/12.3.1/../../../../arm-none-eabi/lib/thumb/v7e-m+fp/hard/libc_nano.a(libc_a-memset.o)
                              /home/gsantini/st/stm32cubeide_1.16.1/plugins/com.st.stm32cube.ide.mcu.externaltools.gnu-tools-for-stm32.12.3.rel1.linux64_1.0.200.202406132123/tools/bin/../lib/gcc/arm-none-eabi/12.3.1/../../../../arm-none-eabi/lib/thumb/v7e-m+fp/hard/crt0.o (memset)
/home/gsantini/st/stm32cubeide_1.16.1/plugins/com.st.stm32cube.ide.mcu.externaltools.gnu-tools-for-stm32.12.3.rel1.linux64_1.0.200.202406132123/tools/bin/../lib/gcc/arm-none-eabi/12.3.1/../../../../arm-none-eabi/lib/thumb/v7e-m+fp/hard/libc_nano.a(libc_a-closer.o)
                              /home/gsantini/st/stm32cubeide_1.16.1/plugins/com.st.stm32cube.ide.mcu.externaltools.gnu-tools-for-stm32.12.3.rel1.linux64_1.0.200.202406132123/tools/bin/../lib/gcc/arm-none-eabi/12.3.1/../../../../arm-none-eabi/lib/thumb/v7e-m+fp/hard/libc_nano.a(libc_a-stdio.o) (_close_r)
/home/gsantini/st/stm32cubeide_1.16.1/plugins/com.st.stm32cube.ide.mcu.externaltools.gnu-tools-for-stm32.12.3.rel1.linux64_1.0.200.202406132123/tools/bin/../lib/gcc/arm-none-eabi/12.3.1/../../../../arm-none-eabi/lib/thumb/v7e-m+fp/hard/libc_nano.a(libc_a-reent.o)
                              /home/gsantini/st/stm32cubeide_1.16.1/plugins/com.st.stm32cube.ide.mcu.externaltools.gnu-tools-for-stm32.12.3.rel1.linux64_1.0.200.202406132123/tools/bin/../lib/gcc/arm-none-eabi/12.3.1/../../../../arm-none-eabi/lib/thumb/v7e-m+fp/hard/libc_nano.a(libc_a-closer.o) (errno)
/home/gsantini/st/stm32cubeide_1.16.1/plugins/com.st.stm32cube.ide.mcu.externaltools.gnu-tools-for-stm32.12.3.rel1.linux64_1.0.200.202406132123/tools/bin/../lib/gcc/arm-none-eabi/12.3.1/../../../../arm-none-eabi/lib/thumb/v7e-m+fp/hard/libc_nano.a(libc_a-impure.o)
[...]
Memory Configuration

Name             Origin             Length             Attributes
RAM              0x20000000         0x00018000         xrw
RAM2             0x10000000         0x00008000         xrw
FLASH            0x08000000         0x00100000         xr
*default*        0x00000000         0xffffffff

Linker script and memory map

LOAD /home/gsantini/st/stm32cubeide_1.16.1/plugins/com.st.stm32cube.ide.mcu.externaltools.gnu-tools-for-stm32.12.3.rel1.linux64_1.0.200.202406132123/tools/bin/../lib/gcc/arm-none-eabi/12.3.1/thumb/v7e-m+fp/hard/crti.o
LOAD /home/gsantini/st/stm32cubeide_1.16.1/plugins/com.st.stm32cube.ide.mcu.externaltools.gnu-tools-for-stm32.12.3.rel1.linux64_1.0.200.202406132123/tools/bin/../lib/gcc/arm-none-eabi/12.3.1/thumb/v7e-m+fp/hard/crtbegin.o
LOAD /home/gsantini/st/stm32cubeide_1.16.1/plugins/com.st.stm32cube.ide.mcu.externaltools.gnu-tools-for-stm32.12.3.rel1.linux64_1.0.200.202406132123/tools/bin/../lib/gcc/arm-none-eabi/12.3.1/../../../../arm-none-eabi/lib/thumb/v7e-m+fp/hard/crt0.o
LOAD ./Core/Src/main.o
LOAD ./Core/Src/stm32l4xx_hal_msp.o
LOAD ./Core/Src/stm32l4xx_it.o
LOAD ./Core/Src/syscalls.o
LOAD ./Core/Src/sysmem.o
LOAD ./Core/Src/system_stm32l4xx.o
LOAD ./Core/Startup/startup_stm32l476rgtx.o
LOAD ./Drivers/CMSIS/NN/Source/ActivationFunctions/arm_nn_activations_q15.o
LOAD ./Drivers/CMSIS/NN/Source/ActivationFunctions/arm_nn_activations_q7.o
LOAD ./Drivers/CMSIS/NN/Source/ActivationFunctions/arm_relu_q15.o
LOAD ./Drivers/CMSIS/NN/Source/ActivationFunctions/arm_relu_q7.o
LOAD ./Drivers/CMSIS/NN/Source/ConvolutionFunctions/arm_convolve_1x1_HWC_q7_fast_nonsquare.o
LOAD ./Drivers/CMSIS/NN/Source/ConvolutionFunctions/arm_convolve_HWC_q15_basic.o
LOAD ./Drivers/CMSIS/NN/Source/ConvolutionFunctions/arm_convolve_HWC_q15_fast.o
LOAD ./Drivers/CMSIS/NN/Source/ConvolutionFunctions/arm_convolve_HWC_q15_fast_nonsquare.o
LOAD ./Drivers/CMSIS/NN/Source/ConvolutionFunctions/arm_convolve_HWC_q7_RGB.o
LOAD ./Drivers/CMSIS/NN/Source/ConvolutionFunctions/arm_convolve_HWC_q7_basic.o
LOAD ./Drivers/CMSIS/NN/Source/ConvolutionFunctions/arm_convolve_HWC_q7_basic_nonsquare.o
LOAD ./Drivers/CMSIS/NN/Source/ConvolutionFunctions/arm_convolve_HWC_q7_fast.o
LOAD ./Drivers/CMSIS/NN/Source/ConvolutionFunctions/arm_convolve_HWC_q7_fast_nonsquare.o
LOAD ./Drivers/CMSIS/NN/Source/ConvolutionFunctions/arm_depthwise_conv_u8_basic_ver1.o
LOAD ./Drivers/CMSIS/NN/Source/ConvolutionFunctions/arm_depthwise_separable_conv_HWC_q7.o
LOAD ./Drivers/CMSIS/NN/Source/ConvolutionFunctions/arm_depthwise_separable_conv_HWC_q7_nonsquare.o
LOAD ./Drivers/CMSIS/NN/Source/ConvolutionFunctions/arm_nn_mat_mult_kernel_q7_q15.o
LOAD ./Drivers/CMSIS/NN/Source/ConvolutionFunctions/arm_nn_mat_mult_kernel_q7_q15_reordered.o
LOAD ./Drivers/CMSIS/NN/Source/FullyConnectedFunctions/arm_fully_connected_mat_q7_vec_q15.o
LOAD ./Drivers/CMSIS/NN/Source/FullyConnectedFunctions/arm_fully_connected_mat_q7_vec_q15_opt.o
LOAD ./Drivers/CMSIS/NN/Source/FullyConnectedFunctions/arm_fully_connected_q15.o
LOAD ./Drivers/CMSIS/NN/Source/FullyConnectedFunctions/arm_fully_connected_q15_opt.o
LOAD ./Drivers/CMSIS/NN/Source/FullyConnectedFunctions/arm_fully_connected_q7.o
LOAD ./Drivers/CMSIS/NN/Source/FullyConnectedFunctions/arm_fully_connected_q7_opt.o
LOAD ./Drivers/CMSIS/NN/Source/NNSupportFunctions/arm_nn_mult_q15.o
LOAD ./Drivers/CMSIS/NN/Source/NNSupportFunctions/arm_nn_mult_q7.o
LOAD ./Drivers/CMSIS/NN/Source/NNSupportFunctions/arm_nntables.o
LOAD ./Drivers/CMSIS/NN/Source/NNSupportFunctions/arm_q7_to_q15_no_shift.o
LOAD ./Drivers/CMSIS/NN/Source/NNSupportFunctions/arm_q7_to_q15_reordered_no_shift.o
LOAD ./Drivers/CMSIS/NN/Source/PoolingFunctions/arm_pool_q7_HWC.o
LOAD ./Drivers/CMSIS/NN/Source/SoftmaxFunctions/arm_softmax_q15.o
LOAD ./Drivers/CMSIS/NN/Source/SoftmaxFunctions/arm_softmax_q7.o
LOAD ./Drivers/STM32L4xx_HAL_Driver/Src/stm32l4xx_hal.o
LOAD ./Drivers/STM32L4xx_HAL_Driver/Src/stm32l4xx_hal_cortex.o
LOAD ./Drivers/STM32L4xx_HAL_Driver/Src/stm32l4xx_hal_dma.o
LOAD ./Drivers/STM32L4xx_HAL_Driver/Src/stm32l4xx_hal_dma_ex.o
LOAD ./Drivers/STM32L4xx_HAL_Driver/Src/stm32l4xx_hal_exti.o
LOAD ./Drivers/STM32L4xx_HAL_Driver/Src/stm32l4xx_hal_flash.o
LOAD ./Drivers/STM32L4xx_HAL_Driver/Src/stm32l4xx_hal_flash_ex.o
LOAD ./Drivers/STM32L4xx_HAL_Driver/Src/stm32l4xx_hal_flash_ramfunc.o
LOAD ./Drivers/STM32L4xx_HAL_Driver/Src/stm32l4xx_hal_gpio.o
LOAD ./Drivers/STM32L4xx_HAL_Driver/Src/stm32l4xx_hal_i2c.o
LOAD ./Drivers/STM32L4xx_HAL_Driver/Src/stm32l4xx_hal_i2c_ex.o
LOAD ./Drivers/STM32L4xx_HAL_Driver/Src/stm32l4xx_hal_pwr.o
LOAD ./Drivers/STM32L4xx_HAL_Driver/Src/stm32l4xx_hal_pwr_ex.o
LOAD ./Drivers/STM32L4xx_HAL_Driver/Src/stm32l4xx_hal_rcc.o
LOAD ./Drivers/STM32L4xx_HAL_Driver/Src/stm32l4xx_hal_rcc_ex.o
LOAD ./Drivers/STM32L4xx_HAL_Driver/Src/stm32l4xx_hal_tim.o
LOAD ./Drivers/STM32L4xx_HAL_Driver/Src/stm32l4xx_hal_tim_ex.o
LOAD ./Drivers/STM32L4xx_HAL_Driver/Src/stm32l4xx_hal_uart.o
LOAD ./Drivers/STM32L4xx_HAL_Driver/Src/stm32l4xx_hal_uart_ex.o
LOAD ../Drivers/CMSIS/Lib/GCC/libarm_cortexM4lf_math.a
START GROUP
LOAD /home/gsantini/st/stm32cubeide_1.16.1/plugins/com.st.stm32cube.ide.mcu.externaltools.gnu-tools-for-stm32.12.3.rel1.linux64_1.0.200.202406132123/tools/bin/../lib/gcc/arm-none-eabi/12.3.1/../../../../arm-none-eabi/lib/thumb/v7e-m+fp/hard/libc_nano.a
LOAD /home/gsantini/st/stm32cubeide_1.16.1/plugins/com.st.stm32cube.ide.mcu.externaltools.gnu-tools-for-stm32.12.3.rel1.linux64_1.0.200.202406132123/tools/bin/../lib/gcc/arm-none-eabi/12.3.1/../../../../arm-none-eabi/lib/thumb/v7e-m+fp/hard/libm.a
END GROUP
START GROUP
LOAD /home/gsantini/st/stm32cubeide_1.16.1/plugins/com.st.stm32cube.ide.mcu.externaltools.gnu-tools-for-stm32.12.3.rel1.linux64_1.0.200.202406132123/tools/bin/../lib/gcc/arm-none-eabi/12.3.1/thumb/v7e-m+fp/hard/libgcc.a
LOAD /home/gsantini/st/stm32cubeide_1.16.1/plugins/com.st.stm32cube.ide.mcu.externaltools.gnu-tools-for-stm32.12.3.rel1.linux64_1.0.200.202406132123/tools/bin/../lib/gcc/arm-none-eabi/12.3.1/../../../../arm-none-eabi/lib/thumb/v7e-m+fp/hard/libc_nano.a
END GROUP
START GROUP
LOAD /home/gsantini/st/stm32cubeide_1.16.1/plugins/com.st.stm32cube.ide.mcu.externaltools.gnu-tools-for-stm32.12.3.rel1.linux64_1.0.200.202406132123/tools/bin/../lib/gcc/arm-none-eabi/12.3.1/thumb/v7e-m+fp/hard/libgcc.a
LOAD /home/gsantini/st/stm32cubeide_1.16.1/plugins/com.st.stm32cube.ide.mcu.externaltools.gnu-tools-for-stm32.12.3.rel1.linux64_1.0.200.202406132123/tools/bin/../lib/gcc/arm-none-eabi/12.3.1/../../../../arm-none-eabi/lib/thumb/v7e-m+fp/hard/libc_nano.a
LOAD /home/gsantini/st/stm32cubeide_1.16.1/plugins/com.st.stm32cube.ide.mcu.externaltools.gnu-tools-for-stm32.12.3.rel1.linux64_1.0.200.202406132123/tools/bin/../lib/gcc/arm-none-eabi/12.3.1/../../../../arm-none-eabi/lib/thumb/v7e-m+fp/hard/libnosys.a
END GROUP
START GROUP
LOAD /home/gsantini/st/stm32cubeide_1.16.1/plugins/com.st.stm32cube.ide.mcu.externaltools.gnu-tools-for-stm32.12.3.rel1.linux64_1.0.200.202406132123/tools/bin/../lib/gcc/arm-none-eabi/12.3.1/thumb/v7e-m+fp/hard/libgcc.a
LOAD /home/gsantini/st/stm32cubeide_1.16.1/plugins/com.st.stm32cube.ide.mcu.externaltools.gnu-tools-for-stm32.12.3.rel1.linux64_1.0.200.202406132123/tools/bin/../lib/gcc/arm-none-eabi/12.3.1/../../../../arm-none-eabi/lib/thumb/v7e-m+fp/hard/libc_nano.a
LOAD /home/gsantini/st/stm32cubeide_1.16.1/plugins/com.st.stm32cube.ide.mcu.externaltools.gnu-tools-for-stm32.12.3.rel1.linux64_1.0.200.202406132123/tools/bin/../lib/gcc/arm-none-eabi/12.3.1/../../../../arm-none-eabi/lib/thumb/v7e-m+fp/hard/libnosys.a
END GROUP
LOAD /home/gsantini/st/stm32cubeide_1.16.1/plugins/com.st.stm32cube.ide.mcu.externaltools.gnu-tools-for-stm32.12.3.rel1.linux64_1.0.200.202406132123/tools/bin/../lib/gcc/arm-none-eabi/12.3.1/thumb/v7e-m+fp/hard/crtend.o
LOAD /home/gsantini/st/stm32cubeide_1.16.1/plugins/com.st.stm32cube.ide.mcu.externaltools.gnu-tools-for-stm32.12.3.rel1.linux64_1.0.200.202406132123/tools/bin/../lib/gcc/arm-none-eabi/12.3.1/thumb/v7e-m+fp/hard/crtn.o
                0x20018000                        _estack = (ORIGIN (RAM) + LENGTH (RAM))
                0x00000200                        _Min_Heap_Size = 0x200
                0x00000400                        _Min_Stack_Size = 0x400

.isr_vector     0x08000000      0x188
                0x08000000                        . = ALIGN (0x4)
 *(.isr_vector)
 .isr_vector    0x08000000      0x188 ./Core/Startup/startup_stm32l476rgtx.o
                0x08000000                g_pfnVectors
                0x08000188                        . = ALIGN (0x4)

.text           0x08000190     0x71f0
                0x08000190                        . = ALIGN (0x4)
 *(.text)
 .text          0x08000190       0x40 /home/gsantini/st/stm32cubeide_1.16.1/plugins/com.st.stm32cube.ide.mcu.externaltools.gnu-tools-for-stm32.12.3.rel1.linux64_1.0.200.202406132123/tools/bin/../lib/gcc/arm-none-eabi/12.3.1/thumb/v7e-m+fp/hard/crtbegin.o
 .text          0x080001d0       0x10 /home/gsantini/st/stm32cubeide_1.16.1/plugins/com.st.stm32cube.ide.mcu.externaltools.gnu-tools-for-stm32.12.3.rel1.linux64_1.0.200.202406132123/tools/bin/../lib/gcc/arm-none-eabi/12.3.1/../../../../arm-none-eabi/lib/thumb/v7e-m+fp/hard/libc_nano.a(libc_a-strlen.o)
                0x080001d0                strlen
 .text          0x080001e0       0xa0 /home/gsantini/st/stm32cubeide_1.16.1/plugins/com.st.stm32cube.ide.mcu.externaltools.gnu-tools-for-stm32.12.3.rel1.linux64_1.0.200.202406132123/tools/bin/../lib/gcc/arm-none-eabi/12.3.1/../../../../arm-none-eabi/lib/thumb/v7e-m+fp/hard/libc_nano.a(libc_a-memchr.o)
                0x080001e0                memchr
 .text          0x08000280       0x30 /home/gsantini/st/stm32cubeide_1.16.1/plugins/com.st.stm32cube.ide.mcu.externaltools.gnu-tools-for-stm32.12.3.rel1.linux64_1.0.200.202406132123/tools/bin/../lib/gcc/arm-none-eabi/12.3.1/thumb/v7e-m+fp/hard/libgcc.a(_aeabi_uldivmod.o)
                0x08000280                __aeabi_uldivmod
 .text          0x080002b0      0x2bc /home/gsantini/st/stm32cubeide_1.16.1/plugins/com.st.stm32cube.ide.mcu.externaltools.gnu-tools-for-stm32.12.3.rel1.linux64_1.0.200.202406132123/tools/bin/../lib/gcc/arm-none-eabi/12.3.1/thumb/v7e-m+fp/hard/libgcc.a(_udivmoddi4.o)
                0x080002b0                __udivmoddi4
 .text          0x0800056c        0x4 /home/gsantini/st/stm32cubeide_1.16.1/plugins/com.st.stm32cube.ide.mcu.externaltools.gnu-tools-for-stm32.12.3.rel1.linux64_1.0.200.202406132123/tools/bin/../lib/gcc/arm-none-eabi/12.3.1/thumb/v7e-m+fp/hard/libgcc.a(_dvmd_tls.o)
                0x0800056c                __aeabi_ldiv0
                0x0800056c                __aeabi_idiv0
 *(.text*)
 .text.main     0x08000570      0x310 ./Core/Src/main.o
                0x08000570                main
 .text.SystemClock_Config
                0x08000880       0xa2 ./Core/Src/main.o
                0x08000880                SystemClock_Config
 *fill*         0x08000922        0x2 
 .text.MX_USART2_UART_Init
                0x08000924       0x60 ./Core/Src/main.o
 .text.MX_GPIO_Init
                0x08000984       0xcc ./Core/Src/main.o
 .text.Error_Handler
                0x08000a50        0xc ./Core/Src/main.o
                0x08000a50                Error_Handler
 .text.HAL_MspInit
                0x08000a5c       0x48 ./Core/Src/stm32l4xx_hal_msp.o
                0x08000a5c                HAL_MspInit
 .text.HAL_UART_MspInit
                0x08000aa4       0xb8 ./Core/Src/stm32l4xx_hal_msp.o
                0x08000aa4                HAL_UART_MspInit
 .text.NMI_Handler
                0x08000b5c        0x8 ./Core/Src/stm32l4xx_it.o
                0x08000b5c                NMI_Handler
 .text.HardFault_Handler
                0x08000b64        0x8 ./Core/Src/stm32l4xx_it.o
                0x08000b64                HardFault_Handler
 .text.MemManage_Handler
                0x08000b6c        0x8 ./Core/Src/stm32l4xx_it.o
                0x08000b6c                MemManage_Handler
 .text.BusFault_Handler
                0x08000b74        0x8 ./Core/Src/stm32l4xx_it.o
                0x08000b74                BusFault_Handler
 .text.UsageFault_Handler
                0x08000b7c        0x8 ./Core/Src/stm32l4xx_it.o
                0x08000b7c                UsageFault_Handler
 .text.SVC_Handler
                0x08000b84        0xe ./Core/Src/stm32l4xx_it.o
                0x08000b84                SVC_Handler
 .text.DebugMon_Handler
                0x08000b92        0xe ./Core/Src/stm32l4xx_it.o
                0x08000b92                DebugMon_Handler
 .text.PendSV_Handler
                0x08000ba0        0xe ./Core/Src/stm32l4xx_it.o
                0x08000ba0                PendSV_Handler
 .text.SysTick_Handler
                0x08000bae        0xc ./Core/Src/stm32l4xx_it.o
                0x08000bae                SysTick_Handler
 *fill*         0x08000bba        0x2 
 .text._sbrk    0x08000bbc       0x6c ./Core/Src/sysmem.o
                0x08000bbc                _sbrk
 .text.SystemInit
                0x08000c28       0x24 ./Core/Src/system_stm32l4xx.o
                0x08000c28                SystemInit
 .text.Reset_Handler
                0x08000c4c       0x50 ./Core/Startup/startup_stm32l476rgtx.o
                0x08000c4c                Reset_Handler
 .text.Default_Handler
                0x08000c9c        0x2 ./Core/Startup/startup_stm32l476rgtx.o
                0x08000c9c                RTC_Alarm_IRQHandler
                0x08000c9c                EXTI2_IRQHandler
                0x08000c9c                TIM8_TRG_COM_IRQHandler
                0x08000c9c                TIM8_CC_IRQHandler
                0x08000c9c                TIM1_CC_IRQHandler
                0x08000c9c                TSC_IRQHandler
                0x08000c9c                TAMP_STAMP_IRQHandler
                0x08000c9c                EXTI3_IRQHandler
                0x08000c9c                LPTIM2_IRQHandler
                0x08000c9c                DFSDM1_FLT1_IRQHandler
                0x08000c9c                I2C3_ER_IRQHandler
                0x08000c9c                DFSDM1_FLT2_IRQHandler
                0x08000c9c                EXTI0_IRQHandler
                0x08000c9c                I2C2_EV_IRQHandler
                0x08000c9c                CAN1_RX0_IRQHandler
                0x08000c9c                FPU_IRQHandler
                0x08000c9c                TIM1_UP_TIM16_IRQHandler
                0x08000c9c                ADC1_2_IRQHandler
                0x08000c9c                SPI1_IRQHandler
                0x08000c9c                TIM6_DAC_IRQHandler
                0x08000c9c                TIM8_UP_IRQHandler
                0x08000c9c                DMA2_Channel2_IRQHandler
                0x08000c9c                DMA1_Channel4_IRQHandler
                0x08000c9c                SAI2_IRQHandler
                0x08000c9c                DFSDM1_FLT3_IRQHandler
                0x08000c9c                USART3_IRQHandler
                0x08000c9c                DMA1_Channel7_IRQHandler
                0x08000c9c                CAN1_RX1_IRQHandler
                0x08000c9c                LCD_IRQHandler
                0x08000c9c                UART5_IRQHandler
                0x08000c9c                ADC3_IRQHandler
                0x08000c9c                TIM4_IRQHandler
                0x08000c9c                DMA2_Channel1_IRQHandler
                0x08000c9c                QUADSPI_IRQHandler
                0x08000c9c                I2C1_EV_IRQHandler
                0x08000c9c                DMA1_Channel6_IRQHandler
                0x08000c9c                UART4_IRQHandler
                0x08000c9c                DMA2_Channel4_IRQHandler
                0x08000c9c                TIM3_IRQHandler
                0x08000c9c                RCC_IRQHandler
                0x08000c9c                DMA1_Channel1_IRQHandler
                0x08000c9c                Default_Handler
                0x08000c9c                DMA2_Channel7_IRQHandler
                0x08000c9c                EXTI15_10_IRQHandler
                0x08000c9c                TIM7_IRQHandler
                0x08000c9c                SDMMC1_IRQHandler
                0x08000c9c                TIM5_IRQHandler
                0x08000c9c                I2C3_EV_IRQHandler
                0x08000c9c                EXTI9_5_IRQHandler
                0x08000c9c                RTC_WKUP_IRQHandler
                0x08000c9c                PVD_PVM_IRQHandler
                0x08000c9c                SPI2_IRQHandler
                0x08000c9c                CAN1_TX_IRQHandler
                0x08000c9c                DMA2_Channel5_IRQHandler
                0x08000c9c                DMA1_Channel5_IRQHandler
                0x08000c9c                EXTI4_IRQHandler
                0x08000c9c                RNG_IRQHandler
                0x08000c9c                TIM1_TRG_COM_TIM17_IRQHandler
                0x08000c9c                DMA1_Channel3_IRQHandler
                0x08000c9c                COMP_IRQHandler
                0x08000c9c                WWDG_IRQHandler
                0x08000c9c                LPUART1_IRQHandler
                0x08000c9c                DMA2_Channel6_IRQHandler
                0x08000c9c                TIM2_IRQHandler
                0x08000c9c                EXTI1_IRQHandler
                0x08000c9c                USART2_IRQHandler
                0x08000c9c                DFSDM1_FLT0_IRQHandler
                0x08000c9c                I2C2_ER_IRQHandler
                0x08000c9c                DMA1_Channel2_IRQHandler
                0x08000c9c                TIM8_BRK_IRQHandler
                0x08000c9c                CAN1_SCE_IRQHandler
                0x08000c9c                FLASH_IRQHandler
                0x08000c9c                USART1_IRQHandler
                0x08000c9c                OTG_FS_IRQHandler
                0x08000c9c                SPI3_IRQHandler
                0x08000c9c                I2C1_ER_IRQHandler
                0x08000c9c                FMC_IRQHandler
                0x08000c9c                SWPMI1_IRQHandler
                0x08000c9c                LPTIM1_IRQHandler
                0x08000c9c                SAI1_IRQHandler
                0x08000c9c                DMA2_Channel3_IRQHandler
                0x08000c9c                TIM1_BRK_TIM15_IRQHandler
 .text.arm_relu_q7
                0x08000c9e       0xc2 ./Drivers/CMSIS/NN/Source/ActivationFunctions/arm_relu_q7.o
                0x08000c9e                arm_relu_q7
 .text.arm_convolve_HWC_q7_RGB
                0x08000d60      0x47c ./Drivers/CMSIS/NN/Source/ConvolutionFunctions/arm_convolve_HWC_q7_RGB.o
                0x08000d60                arm_convolve_HWC_q7_RGB
 .text.arm_convolve_HWC_q7_fast
                0x080011dc      0x9d6 ./Drivers/CMSIS/NN/Source/ConvolutionFunctions/arm_convolve_HWC_q7_fast.o
                0x080011dc                arm_convolve_HWC_q7_fast
 .text.arm_nn_mat_mult_kernel_q7_q15
                0x08001bb2      0xde8 ./Drivers/CMSIS/NN/Source/ConvolutionFunctions/arm_nn_mat_mult_kernel_q7_q15.o
                0x08001bb2                arm_nn_mat_mult_kernel_q7_q15
 .text.arm_nn_mat_mult_kernel_q7_q15_reordered
                0x0800299a      0x72c ./Drivers/CMSIS/NN/Source/ConvolutionFunctions/arm_nn_mat_mult_kernel_q7_q15_reordered.o
                0x0800299a                arm_nn_mat_mult_kernel_q7_q15_reordered
 .text.arm_fully_connected_q7_opt
                0x080030c6      0xb92 ./Drivers/CMSIS/NN/Source/FullyConnectedFunctions/arm_fully_connected_q7_opt.o
                0x080030c6                arm_fully_connected_q7_opt
 .text.arm_q7_to_q15_reordered_no_shift
                0x08003c58       0xc6 ./Drivers/CMSIS/NN/Source/NNSupportFunctions/arm_q7_to_q15_reordered_no_shift.o
                0x08003c58                arm_q7_to_q15_reordered_no_shift
 .text.compare_and_replace_if_larger_q7
                0x08003d1e       0xe2 ./Drivers/CMSIS/NN/Source/PoolingFunctions/arm_pool_q7_HWC.o
 .text.arm_maxpool_q7_HWC
                0x08003e00      0x272 ./Drivers/CMSIS/NN/Source/PoolingFunctions/arm_pool_q7_HWC.o
                0x08003e00                arm_maxpool_q7_HWC
 .text.arm_softmax_q7
                0x08004072      0x166 ./Drivers/CMSIS/NN/Source/SoftmaxFunctions/arm_softmax_q7.o
                0x08004072                arm_softmax_q7
 .text.HAL_Init
                0x080041d8       0x40 ./Drivers/STM32L4xx_HAL_Driver/Src/stm32l4xx_hal.o
                0x080041d8                HAL_Init
 .text.HAL_InitTick
                0x08004218       0x78 ./Drivers/STM32L4xx_HAL_Driver/Src/stm32l4xx_hal.o
                0x08004218                HAL_InitTick
 .text.HAL_IncTick
                0x08004290       0x28 ./Drivers/STM32L4xx_HAL_Driver/Src/stm32l4xx_hal.o
                0x08004290                HAL_IncTick
 .text.HAL_GetTick
                0x080042b8       0x18 ./Drivers/STM32L4xx_HAL_Driver/Src/stm32l4xx_hal.o
                0x080042b8                HAL_GetTick
 .text.HAL_Delay
                0x080042d0       0x48 ./Drivers/STM32L4xx_HAL_Driver/Src/stm32l4xx_hal.o
                0x080042d0                HAL_Delay
 .text.__NVIC_SetPriorityGrouping
                0x08004318       0x48 ./Drivers/STM32L4xx_HAL_Driver/Src/stm32l4xx_hal_cortex.o
 .text.__NVIC_GetPriorityGrouping
                0x08004360       0x1c ./Drivers/STM32L4xx_HAL_Driver/Src/stm32l4xx_hal_cortex.o
 .text.__NVIC_SetPriority
                0x0800437c       0x54 ./Drivers/STM32L4xx_HAL_Driver/Src/stm32l4xx_hal_cortex.o
 .text.NVIC_EncodePriority
                0x080043d0       0x66 ./Drivers/STM32L4xx_HAL_Driver/Src/stm32l4xx_hal_cortex.o
 *fill*         0x08004436        0x2 
 .text.SysTick_Config
                0x08004438       0x44 ./Drivers/STM32L4xx_HAL_Driver/Src/stm32l4xx_hal_cortex.o
 .text.HAL_NVIC_SetPriorityGrouping
                0x0800447c       0x16 ./Drivers/STM32L4xx_HAL_Driver/Src/stm32l4xx_hal_cortex.o
                0x0800447c                HAL_NVIC_SetPriorityGrouping
 .text.HAL_NVIC_SetPriority
                0x08004492       0x38 ./Drivers/STM32L4xx_HAL_Driver/Src/stm32l4xx_hal_cortex.o
                0x08004492                HAL_NVIC_SetPriority
 .text.HAL_SYSTICK_Config
                0x080044ca       0x18 ./Drivers/STM32L4xx_HAL_Driver/Src/stm32l4xx_hal_cortex.o
                0x080044ca                HAL_SYSTICK_Config
 *fill*         0x080044e2        0x2 
 .text.HAL_GPIO_Init
                0x080044e4      0x354 ./Drivers/STM32L4xx_HAL_Driver/Src/stm32l4xx_hal_gpio.o
                0x080044e4                HAL_GPIO_Init
 .text.HAL_GPIO_WritePin
                0x08004838       0x30 ./Drivers/STM32L4xx_HAL_Driver/Src/stm32l4xx_hal_gpio.o
                0x08004838                HAL_GPIO_WritePin
 .text.HAL_PWREx_GetVoltageRange
                0x08004868       0x1c ./Drivers/STM32L4xx_HAL_Driver/Src/stm32l4xx_hal_pwr_ex.o
                0x08004868                HAL_PWREx_GetVoltageRange
 .text.HAL_PWREx_ControlVoltageScaling
                0x08004884       0xac ./Drivers/STM32L4xx_HAL_Driver/Src/stm32l4xx_hal_pwr_ex.o
                0x08004884                HAL_PWREx_ControlVoltageScaling
 .text.HAL_RCC_OscConfig
                0x08004930      0x7b8 ./Drivers/STM32L4xx_HAL_Driver/Src/stm32l4xx_hal_rcc.o
                0x08004930                HAL_RCC_OscConfig
 .text.HAL_RCC_ClockConfig
                0x080050e8      0x200 ./Drivers/STM32L4xx_HAL_Driver/Src/stm32l4xx_hal_rcc.o
                0x080050e8                HAL_RCC_ClockConfig
 .text.HAL_RCC_GetSysClockFreq
                0x080052e8      0x118 ./Drivers/STM32L4xx_HAL_Driver/Src/stm32l4xx_hal_rcc.o
                0x080052e8                HAL_RCC_GetSysClockFreq
 .text.HAL_RCC_GetHCLKFreq
                0x08005400       0x18 ./Drivers/STM32L4xx_HAL_Driver/Src/stm32l4xx_hal_rcc.o
                0x08005400                HAL_RCC_GetHCLKFreq
 .text.HAL_RCC_GetPCLK1Freq
                0x08005418       0x2c ./Drivers/STM32L4xx_HAL_Driver/Src/stm32l4xx_hal_rcc.o
                0x08005418                HAL_RCC_GetPCLK1Freq
 .text.HAL_RCC_GetPCLK2Freq
                0x08005444       0x2c ./Drivers/STM32L4xx_HAL_Driver/Src/stm32l4xx_hal_rcc.o
                0x08005444                HAL_RCC_GetPCLK2Freq
 .text.RCC_SetFlashLatencyFromMSIRange
                0x08005470       0xc0 ./Drivers/STM32L4xx_HAL_Driver/Src/stm32l4xx_hal_rcc.o
 .text.HAL_RCCEx_PeriphCLKConfig
                0x08005530      0x5d4 ./Drivers/STM32L4xx_HAL_Driver/Src/stm32l4xx_hal_rcc_ex.o
                0x08005530                HAL_RCCEx_PeriphCLKConfig
 .text.RCCEx_PLLSAI1_Config
                0x08005b04      0x1e8 ./Drivers/STM32L4xx_HAL_Driver/Src/stm32l4xx_hal_rcc_ex.o
 .text.RCCEx_PLLSAI2_Config
                0x08005cec      0x1bc ./Drivers/STM32L4xx_HAL_Driver/Src/stm32l4xx_hal_rcc_ex.o
 .text.HAL_UART_Init
                0x08005ea8       0x9c ./Drivers/STM32L4xx_HAL_Driver/Src/stm32l4xx_hal_uart.o
                0x08005ea8                HAL_UART_Init
 .text.HAL_UART_Transmit
                0x08005f44      0x112 ./Drivers/STM32L4xx_HAL_Driver/Src/stm32l4xx_hal_uart.o
                0x08005f44                HAL_UART_Transmit
 *fill*         0x08006056        0x2 
 .text.UART_SetConfig
                0x08006058      0x570 ./Drivers/STM32L4xx_HAL_Driver/Src/stm32l4xx_hal_uart.o
                0x08006058                UART_SetConfig
 .text.UART_AdvFeatureConfig
                0x080065c8      0x144 ./Drivers/STM32L4xx_HAL_Driver/Src/stm32l4xx_hal_uart.o
                0x080065c8                UART_AdvFeatureConfig
 .text.UART_CheckIdleState
                0x0800670c      0x150 ./Drivers/STM32L4xx_HAL_Driver/Src/stm32l4xx_hal_uart.o
                0x0800670c                UART_CheckIdleState
 .text.UART_WaitOnFlagUntilTimeout
                0x0800685c       0xda ./Drivers/STM32L4xx_HAL_Driver/Src/stm32l4xx_hal_uart.o
                0x0800685c                UART_WaitOnFlagUntilTimeout
 .text.UART_EndRxTransfer
                0x08006936       0xc8 ./Drivers/STM32L4xx_HAL_Driver/Src/stm32l4xx_hal_uart.o
 *fill*         0x080069fe        0x2 
 .text.snprintf
                0x08006a00       0x68 /home/gsantini/st/stm32cubeide_1.16.1/plugins/com.st.stm32cube.ide.mcu.externaltools.gnu-tools-for-stm32.12.3.rel1.linux64_1.0.200.202406132123/tools/bin/../lib/gcc/arm-none-eabi/12.3.1/../../../../arm-none-eabi/lib/thumb/v7e-m+fp/hard/libc_nano.a(libc_a-snprintf.o)
                0x08006a00                snprintf
                0x08006a00                sniprintf
 .text.memmove  0x08006a68       0x34 /home/gsantini/st/stm32cubeide_1.16.1/plugins/com.st.stm32cube.ide.mcu.externaltools.gnu-tools-for-stm32.12.3.rel1.linux64_1.0.200.202406132123/tools/bin/../lib/gcc/arm-none-eabi/12.3.1/../../../../arm-none-eabi/lib/thumb/v7e-m+fp/hard/libc_nano.a(libc_a-memmove.o)
                0x08006a68                memmove
 .text.memset   0x08006a9c       0x10 /home/gsantini/st/stm32cubeide_1.16.1/plugins/com.st.stm32cube.ide.mcu.externaltools.gnu-tools-for-stm32.12.3.rel1.linux64_1.0.200.202406132123/tools/bin/../lib/gcc/arm-none-eabi/12.3.1/../../../../arm-none-eabi/lib/thumb/v7e-m+fp/hard/libc_nano.a(libc_a-memset.o)
                0x08006a9c                memset
 .text.__errno  0x08006aac        0xc /home/gsantini/st/stm32cubeide_1.16.1/plugins/com.st.stm32cube.ide.mcu.externaltools.gnu-tools-for-stm32.12.3.rel1.linux64_1.0.200.202406132123/tools/bin/../lib/gcc/arm-none-eabi/12.3.1/../../../../arm-none-eabi/lib/thumb/v7e-m+fp/hard/libc_nano.a(libc_a-errno.o)
                0x08006aac                __errno
 .text.__libc_init_array
                0x08006ab8       0x48 /home/gsantini/st/stm32cubeide_1.16.1/plugins/com.st.stm32cube.ide.mcu.externaltools.gnu-tools-for-stm32.12.3.rel1.linux64_1.0.200.202406132123/tools/bin/../lib/gcc/arm-none-eabi/12.3.1/../../../../arm-none-eabi/lib/thumb/v7e-m+fp/hard/libc_nano.a(libc_a-init.o)
                0x08006ab8                __libc_init_array
 .text.__retarget_lock_acquire_recursive
                0x08006b00        0x2 /home/gsantini/st/stm32cubeide_1.16.1/plugins/com.st.stm32cube.ide.mcu.externaltools.gnu-tools-for-stm32.12.3.rel1.linux64_1.0.200.202406132123/tools/bin/../lib/gcc/arm-none-eabi/12.3.1/../../../../arm-none-eabi/lib/thumb/v7e-m+fp/hard/libc_nano.a(libc_a-lock.o)
                0x08006b00                __retarget_lock_acquire_recursive
 .text.__retarget_lock_release_recursive
                0x08006b02        0x2 /home/gsantini/st/stm32cubeide_1.16.1/plugins/com.st.stm32cube.ide.mcu.externaltools.gnu-tools-for-stm32.12.3.rel1.linux64_1.0.200.202406132123/tools/bin/../lib/gcc/arm-none-eabi/12.3.1/../../../../arm-none-eabi/lib/thumb/v7e-m+fp/hard/libc_nano.a(libc_a-lock.o)
                0x08006b02                __retarget_lock_release_recursive
 .text.memcpy   0x08006b04       0x1c /home/gsantini/st/stm32cubeide_1.16.1/plugins/com.st.stm32cube.ide.mcu.externaltools.gnu-tools-for-stm32.12.3.rel1.linux64_1.0.200.202406132123/tools/bin/../lib/gcc/arm-none-eabi/12.3.1/../../../../arm-none-eabi/lib/thumb/v7e-m+fp/hard/libc_nano.a(libc_a-memcpy-stub.o)
                0x08006b04                memcpy
 .text._free_r  0x08006b20       0x94 /home/gsantini/st/stm32cubeide_1.16.1/plugins/com.st.stm32cube.ide.mcu.externaltools.gnu-tools-for-stm32.12.3.rel1.linux64_1.0.200.202406132123/tools/bin/../lib/gcc/arm-none-eabi/12.3.1/../../../../arm-none-eabi/lib/thumb/v7e-m+fp/hard/libc_nano.a(libc_a-freer.o)
                0x08006b20                _free_r
 .text.sbrk_aligned
                0x08006bb4       0x44 /home/gsantini/st/stm32cubeide_1.16.1/plugins/com.st.stm32cube.ide.mcu.externaltools.gnu-tools-for-stm32.12.3.rel1.linux64_1.0.200.202406132123/tools/bin/../lib/gcc/arm-none-eabi/12.3.1/../../../../arm-none-eabi/lib/thumb/v7e-m+fp/hard/libc_nano.a(libc_a-mallocr.o)
 .text._malloc_r
                0x08006bf8      0x100 /home/gsantini/st/stm32cubeide_1.16.1/plugins/com.st.stm32cube.ide.mcu.externaltools.gnu-tools-for-stm32.12.3.rel1.linux64_1.0.200.202406132123/tools/bin/../lib/gcc/arm-none-eabi/12.3.1/../../../../arm-none-eabi/lib/thumb/v7e-m+fp/hard/libc_nano.a(libc_a-mallocr.o)
                0x08006bf8                _malloc_r
 .text.__malloc_lock
                0x08006cf8        0xc /home/gsantini/st/stm32cubeide_1.16.1/plugins/com.st.stm32cube.ide.mcu.externaltools.gnu-tools-for-stm32.12.3.rel1.linux64_1.0.200.202406132123/tools/bin/../lib/gcc/arm-none-eabi/12.3.1/../../../../arm-none-eabi/lib/thumb/v7e-m+fp/hard/libc_nano.a(libc_a-mlock.o)
                0x08006cf8                __malloc_lock
 .text.__malloc_unlock
                0x08006d04        0xc /home/gsantini/st/stm32cubeide_1.16.1/plugins/com.st.stm32cube.ide.mcu.externaltools.gnu-tools-for-stm32.12.3.rel1.linux64_1.0.200.202406132123/tools/bin/../lib/gcc/arm-none-eabi/12.3.1/../../../../arm-none-eabi/lib/thumb/v7e-m+fp/hard/libc_nano.a(libc_a-mlock.o)
                0x08006d04                __malloc_unlock
 .text.__ssputs_r
                0x08006d10       0xb6 /home/gsantini/st/stm32cubeide_1.16.1/plugins/com.st.stm32cube.ide.mcu.externaltools.gnu-tools-for-stm32.12.3.rel1.linux64_1.0.200.202406132123/tools/bin/../lib/gcc/arm-none-eabi/12.3.1/../../../../arm-none-eabi/lib/thumb/v7e-m+fp/hard/libc_nano.a(libc_a-nano-svfprintf.o)
                0x08006d10                __ssputs_r
 *fill*         0x08006dc6        0x2 
 .text._svfprintf_r
                0x08006dc8      0x1f8 /home/gsantini/st/stm32cubeide_1.16.1/plugins/com.st.stm32cube.ide.mcu.externaltools.gnu-tools-for-stm32.12.3.rel1.linux64_1.0.200.202406132123/tools/bin/../lib/gcc/arm-none-eabi/12.3.1/../../../../arm-none-eabi/lib/thumb/v7e-m+fp/hard/libc_nano.a(libc_a-nano-svfprintf.o)
                0x08006dc8                _svfprintf_r
                0x08006dc8                _svfiprintf_r
 .text._printf_common
                0x08006fc0       0xda /home/gsantini/st/stm32cubeide_1.16.1/plugins/com.st.stm32cube.ide.mcu.externaltools.gnu-tools-for-stm32.12.3.rel1.linux64_1.0.200.202406132123/tools/bin/../lib/gcc/arm-none-eabi/12.3.1/../../../../arm-none-eabi/lib/thumb/v7e-m+fp/hard/libc_nano.a(libc_a-nano-vfprintf_i.o)
                0x08006fc0                _printf_common
 *fill*         0x0800709a        0x2 
 .text._printf_i
                0x0800709c      0x240 /home/gsantini/st/stm32cubeide_1.16.1/plugins/com.st.stm32cube.ide.mcu.externaltools.gnu-tools-for-stm32.12.3.rel1.linux64_1.0.200.202406132123/tools/bin/../lib/gcc/arm-none-eabi/12.3.1/../../../../arm-none-eabi/lib/thumb/v7e-m+fp/hard/libc_nano.a(libc_a-nano-vfprintf_i.o)
                0x0800709c                _printf_i
 .text._sbrk_r  0x080072dc       0x20 /home/gsantini/st/stm32cubeide_1.16.1/plugins/com.st.stm32cube.ide.mcu.externaltools.gnu-tools-for-stm32.12.3.rel1.linux64_1.0.200.202406132123/tools/bin/../lib/gcc/arm-none-eabi/12.3.1/../../../../arm-none-eabi/lib/thumb/v7e-m+fp/hard/libc_nano.a(libc_a-sbrkr.o)
                0x080072dc                _sbrk_r
 .text._realloc_r
                0x080072fc       0x5c /home/gsantini/st/stm32cubeide_1.16.1/plugins/com.st.stm32cube.ide.mcu.externaltools.gnu-tools-for-stm32.12.3.rel1.linux64_1.0.200.202406132123/tools/bin/../lib/gcc/arm-none-eabi/12.3.1/../../../../arm-none-eabi/lib/thumb/v7e-m+fp/hard/libc_nano.a(libc_a-reallocr.o)
                0x080072fc                _realloc_r
 .text._malloc_usable_size_r
                0x08007358       0x10 /home/gsantini/st/stm32cubeide_1.16.1/plugins/com.st.stm32cube.ide.mcu.externaltools.gnu-tools-for-stm32.12.3.rel1.linux64_1.0.200.202406132123/tools/bin/../lib/gcc/arm-none-eabi/12.3.1/../../../../arm-none-eabi/lib/thumb/v7e-m+fp/hard/libc_nano.a(libc_a-msizer.o)
                0x08007358                _malloc_usable_size_r
 *(.glue_7)
 .glue_7        0x08007368        0x0 linker stubs
 *(.glue_7t)
 .glue_7t       0x08007368        0x0 linker stubs
 *(.eh_frame)
 .eh_frame      0x08007368        0x0 /home/gsantini/st/stm32cubeide_1.16.1/plugins/com.st.stm32cube.ide.mcu.externaltools.gnu-tools-for-stm32.12.3.rel1.linux64_1.0.200.202406132123/tools/bin/../lib/gcc/arm-none-eabi/12.3.1/thumb/v7e-m+fp/hard/crtbegin.o
 *(.init)
 .init          0x08007368        0x4 /home/gsantini/st/stm32cubeide_1.16.1/plugins/com.st.stm32cube.ide.mcu.externaltools.gnu-tools-for-stm32.12.3.rel1.linux64_1.0.200.202406132123/tools/bin/../lib/gcc/arm-none-eabi/12.3.1/thumb/v7e-m+fp/hard/crti.o
                0x08007368                _init
 .init          0x0800736c        0x8 /home/gsantini/st/stm32cubeide_1.16.1/plugins/com.st.stm32cube.ide.mcu.externaltools.gnu-tools-for-stm32.12.3.rel1.linux64_1.0.200.202406132123/tools/bin/../lib/gcc/arm-none-eabi/12.3.1/thumb/v7e-m+fp/hard/crtn.o
 *(.fini)
 .fini          0x08007374        0x4 /home/gsantini/st/stm32cubeide_1.16.1/plugins/com.st.stm32cube.ide.mcu.externaltools.gnu-tools-for-stm32.12.3.rel1.linux64_1.0.200.202406132123/tools/bin/../lib/gcc/arm-none-eabi/12.3.1/thumb/v7e-m+fp/hard/crti.o
                0x08007374                _fini
 .fini          0x08007378        0x8 /home/gsantini/st/stm32cubeide_1.16.1/plugins/com.st.stm32cube.ide.mcu.externaltools.gnu-tools-for-stm32.12.3.rel1.linux64_1.0.200.202406132123/tools/bin/../lib/gcc/arm-none-eabi/12.3.1/thumb/v7e-m+fp/hard/crtn.o
                0x08007380                        . = ALIGN (0x4)
                0x08007380                        _etext = .

.vfp11_veneer   0x08007380        0x0
 .vfp11_veneer  0x08007380        0x0 linker stubs

.v4_bx          0x08007380        0x0
 .v4_bx         0x08007380        0x0 linker stubs

.iplt           0x08007380        0x0
 .iplt          0x08007380        0x0 /home/gsantini/st/stm32cubeide_1.16.1/plugins/com.st.stm32cube.ide.mcu.externaltools.gnu-tools-for-stm32.12.3.rel1.linux64_1.0.200.202406132123/tools/bin/../lib/gcc/arm-none-eabi/12.3.1/thumb/v7e-m+fp/hard/crtbegin.o

.rodata         0x08007380       0xb4
                0x08007380                        . = ALIGN (0x4)
 *(.rodata)
 .rodata        0x08007380       0x38 ./Core/Src/main.o
 *(.rodata*)
 .rodata.AHBPrescTable
                0x080073b8       0x10 ./Core/Src/system_stm32l4xx.o
                0x080073b8                AHBPrescTable
 .rodata.APBPrescTable
                0x080073c8        0x8 ./Core/Src/system_stm32l4xx.o
                0x080073c8                APBPrescTable
 .rodata.MSIRangeTable
                0x080073d0       0x30 ./Core/Src/system_stm32l4xx.o
                0x080073d0                MSIRangeTable
 .rodata._svfprintf_r.str1.1
                0x08007400       0x11 /home/gsantini/st/stm32cubeide_1.16.1/plugins/com.st.stm32cube.ide.mcu.externaltools.gnu-tools-for-stm32.12.3.rel1.linux64_1.0.200.202406132123/tools/bin/../lib/gcc/arm-none-eabi/12.3.1/../../../../arm-none-eabi/lib/thumb/v7e-m+fp/hard/libc_nano.a(libc_a-nano-svfprintf.o)
 .rodata._printf_i.str1.1
                0x08007411       0x22 /home/gsantini/st/stm32cubeide_1.16.1/plugins/com.st.stm32cube.ide.mcu.externaltools.gnu-tools-for-stm32.12.3.rel1.linux64_1.0.200.202406132123/tools/bin/../lib/gcc/arm-none-eabi/12.3.1/../../../../arm-none-eabi/lib/thumb/v7e-m+fp/hard/libc_nano.a(libc_a-nano-vfprintf_i.o)
                0x08007434                        . = ALIGN (0x4)
 *fill*         0x08007433        0x1 

.ARM.extab      0x08007434        0x0
                0x08007434                        . = ALIGN (0x4)
 *(.ARM.extab* .gnu.linkonce.armextab.*)
                0x08007434                        . = ALIGN (0x4)

.ARM            0x08007434        0x8
                0x08007434                        . = ALIGN (0x4)
                0x08007434                        __exidx_start = .
 *(.ARM.exidx*)
 .ARM.exidx     0x08007434        0x8 /home/gsantini/st/stm32cubeide_1.16.1/plugins/com.st.stm32cube.ide.mcu.externaltools.gnu-tools-for-stm32.12.3.rel1.linux64_1.0.200.202406132123/tools/bin/../lib/gcc/arm-none-eabi/12.3.1/../../../../arm-none-eabi/lib/thumb/v7e-m+fp/hard/libc_nano.a(libc_a-strlen.o)
 .ARM.exidx     0x0800743c        0x0 /home/gsantini/st/stm32cubeide_1.16.1/plugins/com.st.stm32cube.ide.mcu.externaltools.gnu-tools-for-stm32.12.3.rel1.linux64_1.0.200.202406132123/tools/bin/../lib/gcc/arm-none-eabi/12.3.1/../../../../arm-none-eabi/lib/thumb/v7e-m+fp/hard/libc_nano.a(libc_a-memchr.o)
                                  0x8 (size before relaxing)
 .ARM.exidx     0x0800743c        0x0 /home/gsantini/st/stm32cubeide_1.16.1/plugins/com.st.stm32cube.ide.mcu.externaltools.gnu-tools-for-stm32.12.3.rel1.linux64_1.0.200.202406132123/tools/bin/../lib/gcc/arm-none-eabi/12.3.1/thumb/v7e-m+fp/hard/libgcc.a(_udivmoddi4.o)
                                  0x8 (size before relaxing)
                0x0800743c                        __exidx_end = .
                0x0800743c                        . = ALIGN (0x4)

.preinit_array  0x0800743c        0x0
                0x0800743c                        . = ALIGN (0x4)
                0x0800743c                        PROVIDE (__preinit_array_start = .)
 *(.preinit_array*)
                0x0800743c                        PROVIDE (__preinit_array_end = .)
                0x0800743c                        . = ALIGN (0x4)

.init_array     0x0800743c        0x4
                0x0800743c                        . = ALIGN (0x4)
                0x0800743c                        PROVIDE (__init_array_start = .)
 *(SORT_BY_NAME(.init_array.*))
 *(.init_array*)
 .init_array    0x0800743c        0x4 /home/gsantini/st/stm32cubeide_1.16.1/plugins/com.st.stm32cube.ide.mcu.externaltools.gnu-tools-for-stm32.12.3.rel1.linux64_1.0.200.202406132123/tools/bin/../lib/gcc/arm-none-eabi/12.3.1/thumb/v7e-m+fp/hard/crtbegin.o
                0x08007440                        PROVIDE (__init_array_end = .)
                0x08007440                        . = ALIGN (0x4)

.fini_array     0x08007440        0x4
                0x08007440                        . = ALIGN (0x4)
                [!provide]                        PROVIDE (__fini_array_start = .)
 *(SORT_BY_NAME(.fini_array.*))
 *(.fini_array*)
 .fini_array    0x08007440        0x4 /home/gsantini/st/stm32cubeide_1.16.1/plugins/com.st.stm32cube.ide.mcu.externaltools.gnu-tools-for-stm32.12.3.rel1.linux64_1.0.200.202406132123/tools/bin/../lib/gcc/arm-none-eabi/12.3.1/thumb/v7e-m+fp/hard/crtbegin.o
                [!provide]                        PROVIDE (__fini_array_end = .)
                0x08007444                        . = ALIGN (0x4)
                0x08007444                        _sidata = LOADADDR (.data)

.rel.dyn        0x08007444        0x0
 .rel.iplt      0x08007444        0x0 /home/gsantini/st/stm32cubeide_1.16.1/plugins/com.st.stm32cube.ide.mcu.externaltools.gnu-tools-for-stm32.12.3.rel1.linux64_1.0.200.202406132123/tools/bin/../lib/gcc/arm-none-eabi/12.3.1/thumb/v7e-m+fp/hard/crtbegin.o

.data           0x20000000     0x8e18 load address 0x08007444
                0x20000000                        . = ALIGN (0x4)
                0x20000000                        _sdata = .
 *(.data)
 *(.data*)
 .data.conv1_wt
                0x20000000      0x960 ./Core/Src/main.o
 .data.conv1_bias
                0x20000960       0x20 ./Core/Src/main.o
 .data.conv2_wt
                0x20000980     0x3200 ./Core/Src/main.o
 .data.conv2_bias
                0x20003b80       0x10 ./Core/Src/main.o
 .data.conv3_wt
                0x20003b90     0x3200 ./Core/Src/main.o
 .data.conv3_bias
                0x20006d90       0x20 ./Core/Src/main.o
 .data.ip1_wt   0x20006db0     0x1400 ./Core/Src/main.o
 .data.ip1_bias
                0x200081b0        0xa ./Core/Src/main.o
 *fill*         0x200081ba        0x2 
 .data.image_data
                0x200081bc      0xc00 ./Core/Src/main.o
                0x200081bc                image_data
 .data.SystemCoreClock
                0x20008dbc        0x4 ./Core/Src/system_stm32l4xx.o
                0x20008dbc                SystemCoreClock
 .data.uwTickPrio
                0x20008dc0        0x4 ./Drivers/STM32L4xx_HAL_Driver/Src/stm32l4xx_hal.o
                0x20008dc0                uwTickPrio
 .data.uwTickFreq
                0x20008dc4        0x1 ./Drivers/STM32L4xx_HAL_Driver/Src/stm32l4xx_hal.o
                0x20008dc4                uwTickFreq
 *fill*         0x20008dc5        0x3 
 .data._impure_ptr
                0x20008dc8        0x4 /home/gsantini/st/stm32cubeide_1.16.1/plugins/com.st.stm32cube.ide.mcu.externaltools.gnu-tools-for-stm32.12.3.rel1.linux64_1.0.200.202406132123/tools/bin/../lib/gcc/arm-none-eabi/12.3.1/../../../../arm-none-eabi/lib/thumb/v7e-m+fp/hard/libc_nano.a(libc_a-impure.o)
                0x20008dc8                _impure_ptr
 .data._impure_data
                0x20008dcc       0x4c /home/gsantini/st/stm32cubeide_1.16.1/plugins/com.st.stm32cube.ide.mcu.externaltools.gnu-tools-for-stm32.12.3.rel1.linux64_1.0.200.202406132123/tools/bin/../lib/gcc/arm-none-eabi/12.3.1/../../../../arm-none-eabi/lib/thumb/v7e-m+fp/hard/libc_nano.a(libc_a-impure.o)
                0x20008dcc                _impure_data
 *(.RamFunc)
 *(.RamFunc*)
                0x20008e18                        . = ALIGN (0x4)
                0x20008e18                        _edata = .

.igot.plt       0x20008e18        0x0 load address 0x0801025c
 .igot.plt      0x20008e18        0x0 /home/gsantini/st/stm32cubeide_1.16.1/plugins/com.st.stm32cube.ide.mcu.externaltools.gnu-tools-for-stm32.12.3.rel1.linux64_1.0.200.202406132123/tools/bin/../lib/gcc/arm-none-eabi/12.3.1/thumb/v7e-m+fp/hard/crtbegin.o
                0x20008e18                        . = ALIGN (0x4)

.bss            0x20008e18     0xae80 load address 0x0801025c
                0x20008e18                        _sbss = .
                0x20008e18                        __bss_start__ = _sbss
 *(.bss)
 .bss           0x20008e18       0x1c /home/gsantini/st/stm32cubeide_1.16.1/plugins/com.st.stm32cube.ide.mcu.externaltools.gnu-tools-for-stm32.12.3.rel1.linux64_1.0.200.202406132123/tools/bin/../lib/gcc/arm-none-eabi/12.3.1/thumb/v7e-m+fp/hard/crtbegin.o
 *(.bss*)
 .bss.huart2    0x20008e34       0x88 ./Core/Src/main.o
                0x20008e34                huart2
 .bss.output_data
                0x20008ebc        0xa ./Core/Src/main.o
                0x20008ebc                output_data
 *fill*         0x20008ec6        0x2 
 .bss.col_buffer
                0x20008ec8      0xc80 ./Core/Src/main.o
                0x20008ec8                col_buffer
 .bss.scratch_buffer
                0x20009b48     0xa000 ./Core/Src/main.o
                0x20009b48                scratch_buffer
 .bss.__sbrk_heap_end
                0x20013b48        0x4 ./Core/Src/sysmem.o
 .bss.uwTick    0x20013b4c        0x4 ./Drivers/STM32L4xx_HAL_Driver/Src/stm32l4xx_hal.o
                0x20013b4c                uwTick
 .bss.__sf      0x20013b50      0x138 /home/gsantini/st/stm32cubeide_1.16.1/plugins/com.st.stm32cube.ide.mcu.externaltools.gnu-tools-for-stm32.12.3.rel1.linux64_1.0.200.202406132123/tools/bin/../lib/gcc/arm-none-eabi/12.3.1/../../../../arm-none-eabi/lib/thumb/v7e-m+fp/hard/libc_nano.a(libc_a-findfp.o)
                0x20013b50                __sf
 .bss.errno     0x20013c88        0x4 /home/gsantini/st/stm32cubeide_1.16.1/plugins/com.st.stm32cube.ide.mcu.externaltools.gnu-tools-for-stm32.12.3.rel1.linux64_1.0.200.202406132123/tools/bin/../lib/gcc/arm-none-eabi/12.3.1/../../../../arm-none-eabi/lib/thumb/v7e-m+fp/hard/libc_nano.a(libc_a-reent.o)
                0x20013c88                errno
 .bss.__lock___malloc_recursive_mutex
                0x20013c8c        0x1 /home/gsantini/st/stm32cubeide_1.16.1/plugins/com.st.stm32cube.ide.mcu.externaltools.gnu-tools-for-stm32.12.3.rel1.linux64_1.0.200.202406132123/tools/bin/../lib/gcc/arm-none-eabi/12.3.1/../../../../arm-none-eabi/lib/thumb/v7e-m+fp/hard/libc_nano.a(libc_a-lock.o)
                0x20013c8c                __lock___malloc_recursive_mutex
 *fill*         0x20013c8d        0x3 
 .bss.__malloc_sbrk_start
                0x20013c90        0x4 /home/gsantini/st/stm32cubeide_1.16.1/plugins/com.st.stm32cube.ide.mcu.externaltools.gnu-tools-for-stm32.12.3.rel1.linux64_1.0.200.202406132123/tools/bin/../lib/gcc/arm-none-eabi/12.3.1/../../../../arm-none-eabi/lib/thumb/v7e-m+fp/hard/libc_nano.a(libc_a-mallocr.o)
                0x20013c90                __malloc_sbrk_start
 .bss.__malloc_free_list
                0x20013c94        0x4 /home/gsantini/st/stm32cubeide_1.16.1/plugins/com.st.stm32cube.ide.mcu.externaltools.gnu-tools-for-stm32.12.3.rel1.linux64_1.0.200.202406132123/tools/bin/../lib/gcc/arm-none-eabi/12.3.1/../../../../arm-none-eabi/lib/thumb/v7e-m+fp/hard/libc_nano.a(libc_a-mallocr.o)
                0x20013c94                __malloc_free_list
 *(COMMON)
                0x20013c98                        . = ALIGN (0x4)
                0x20013c98                        _ebss = .
                0x20013c98                        __bss_end__ = _ebss

._user_heap_stack
                0x20013c98      0x600 load address 0x0801025c
                0x20013c98                        . = ALIGN (0x8)
                [!provide]                        PROVIDE (end = .)
                0x20013c98                        PROVIDE (_end = .)
                0x20013e98                        . = (. + _Min_Heap_Size)
 *fill*         0x20013c98      0x200 
                0x20014298                        . = (. + _Min_Stack_Size)
 *fill*         0x20013e98      0x400 
                0x20014298                        . = ALIGN (0x8)

/DISCARD/
 libc.a(*)
 libm.a(*)
 libgcc.a(*)

.ARM.attributes
                0x00000000       0x30
 *(.ARM.attributes)
 .ARM.attributes
                0x00000000       0x22 /home/gsantini/st/stm32cubeide_1.16.1/plugins/com.st.stm32cube.ide.mcu.externaltools.gnu-tools-for-stm32.12.3.rel1.linux64_1.0.200.202406132123/tools/bin/../lib/gcc/arm-none-eabi/12.3.1/thumb/v7e-m+fp/hard/crti.o
 .ARM.attributes
                0x00000022       0x34 /home/gsantini/st/stm32cubeide_1.16.1/plugins/com.st.stm32cube.ide.mcu.externaltools.gnu-tools-for-stm32.12.3.rel1.linux64_1.0.200.202406132123/tools/bin/../lib/gcc/arm-none-eabi/12.3.1/thumb/v7e-m+fp/hard/crtbegin.o
 .ARM.attributes
                0x00000056       0x34 ./Core/Src/main.o
 .ARM.attributes
                0x0000008a       0x34 ./Core/Src/stm32l4xx_hal_msp.o
 .ARM.attributes
                0x000000be       0x34 ./Core/Src/stm32l4xx_it.o
 .ARM.attributes
                0x000000f2       0x34 ./Core/Src/sysmem.o
 .ARM.attributes
                0x00000126       0x34 ./Core/Src/system_stm32l4xx.o
 .ARM.attributes
                0x0000015a       0x21 ./Core/Startup/startup_stm32l476rgtx.o
 .ARM.attributes
                0x0000017b       0x34 ./Drivers/CMSIS/NN/Source/ActivationFunctions/arm_relu_q7.o
 .ARM.attributes
                0x000001af       0x34 ./Drivers/CMSIS/NN/Source/ConvolutionFunctions/arm_convolve_HWC_q7_RGB.o
 .ARM.attributes
                0x000001e3       0x34 ./Drivers/CMSIS/NN/Source/ConvolutionFunctions/arm_convolve_HWC_q7_fast.o
 .ARM.attributes
                0x00000217       0x34 ./Drivers/CMSIS/NN/Source/ConvolutionFunctions/arm_nn_mat_mult_kernel_q7_q15.o
 .ARM.attributes
                0x0000024b       0x34 ./Drivers/CMSIS/NN/Source/ConvolutionFunctions/arm_nn_mat_mult_kernel_q7_q15_reordered.o
 .ARM.attributes
                0x0000027f       0x34 ./Drivers/CMSIS/NN/Source/FullyConnectedFunctions/arm_fully_connected_q7_opt.o
 .ARM.attributes
                0x000002b3       0x34 ./Drivers/CMSIS/NN/Source/NNSupportFunctions/arm_q7_to_q15_reordered_no_shift.o
 .ARM.attributes
                0x000002e7       0x34 ./Drivers/CMSIS/NN/Source/PoolingFunctions/arm_pool_q7_HWC.o
 .ARM.attributes
                0x0000031b       0x34 ./Drivers/CMSIS/NN/Source/SoftmaxFunctions/arm_softmax_q7.o
 .ARM.attributes
                0x0000034f       0x34 ./Drivers/STM32L4xx_HAL_Driver/Src/stm32l4xx_hal.o
 .ARM.attributes
                0x00000383       0x34 ./Drivers/STM32L4xx_HAL_Driver/Src/stm32l4xx_hal_cortex.o
 .ARM.attributes
                0x000003b7       0x34 ./Drivers/STM32L4xx_HAL_Driver/Src/stm32l4xx_hal_gpio.o
 .ARM.attributes
                0x000003eb       0x34 ./Drivers/STM32L4xx_HAL_Driver/Src/stm32l4xx_hal_pwr_ex.o
 .ARM.attributes
                0x0000041f       0x34 ./Drivers/STM32L4xx_HAL_Driver/Src/stm32l4xx_hal_rcc.o
 .ARM.attributes
                0x00000453       0x34 ./Drivers/STM32L4xx_HAL_Driver/Src/stm32l4xx_hal_rcc_ex.o
 .ARM.attributes
                0x00000487       0x34 ./Drivers/STM32L4xx_HAL_Driver/Src/stm32l4xx_hal_uart.o
 .ARM.attributes
                0x000004bb       0x34 /home/gsantini/st/stm32cubeide_1.16.1/plugins/com.st.stm32cube.ide.mcu.externaltools.gnu-tools-for-stm32.12.3.rel1.linux64_1.0.200.202406132123/tools/bin/../lib/gcc/arm-none-eabi/12.3.1/../../../../arm-none-eabi/lib/thumb/v7e-m+fp/hard/libc_nano.a(libc_a-findfp.o)
 .ARM.attributes
                0x000004ef       0x34 /home/gsantini/st/stm32cubeide_1.16.1/plugins/com.st.stm32cube.ide.mcu.externaltools.gnu-tools-for-stm32.12.3.rel1.linux64_1.0.200.202406132123/tools/bin/../lib/gcc/arm-none-eabi/12.3.1/../../../../arm-none-eabi/lib/thumb/v7e-m+fp/hard/libc_nano.a(libc_a-snprintf.o)
 .ARM.attributes
                0x00000523       0x34 /home/gsantini/st/stm32cubeide_1.16.1/plugins/com.st.stm32cube.ide.mcu.externaltools.gnu-tools-for-stm32.12.3.rel1.linux64_1.0.200.202406132123/tools/bin/../lib/gcc/arm-none-eabi/12.3.1/../../../../arm-none-eabi/lib/thumb/v7e-m+fp/hard/libc_nano.a(libc_a-memmove.o)
 .ARM.attributes
                0x00000557       0x34 /home/gsantini/st/stm32cubeide_1.16.1/plugins/com.st.stm32cube.ide.mcu.externaltools.gnu-tools-for-stm32.12.3.rel1.linux64_1.0.200.202406132123/tools/bin/../lib/gcc/arm-none-eabi/12.3.1/../../../../arm-none-eabi/lib/thumb/v7e-m+fp/hard/libc_nano.a(libc_a-memset.o)
 .ARM.attributes
                0x0000058b       0x34 /home/gsantini/st/stm32cubeide_1.16.1/plugins/com.st.stm32cube.ide.mcu.externaltools.gnu-tools-for-stm32.12.3.rel1.linux64_1.0.200.202406132123/tools/bin/../lib/gcc/arm-none-eabi/12.3.1/../../../../arm-none-eabi/lib/thumb/v7e-m+fp/hard/libc_nano.a(libc_a-reent.o)
 .ARM.attributes
                0x000005bf       0x34 /home/gsantini/st/stm32cubeide_1.16.1/plugins/com.st.stm32cube.ide.mcu.externaltools.gnu-tools-for-stm32.12.3.rel1.linux64_1.0.200.202406132123/tools/bin/../lib/gcc/arm-none-eabi/12.3.1/../../../../arm-none-eabi/lib/thumb/v7e-m+fp/hard/libc_nano.a(libc_a-impure.o)
 .ARM.attributes
                0x000005f3       0x34 /home/gsantini/st/stm32cubeide_1.16.1/plugins/com.st.stm32cube.ide.mcu.externaltools.gnu-tools-for-stm32.12.3.rel1.linux64_1.0.200.202406132123/tools/bin/../lib/gcc/arm-none-eabi/12.3.1/../../../../arm-none-eabi/lib/thumb/v7e-m+fp/hard/libc_nano.a(libc_a-errno.o)
 .ARM.attributes
                0x00000627       0x34 /home/gsantini/st/stm32cubeide_1.16.1/plugins/com.st.stm32cube.ide.mcu.externaltools.gnu-tools-for-stm32.12.3.rel1.linux64_1.0.200.202406132123/tools/bin/../lib/gcc/arm-none-eabi/12.3.1/../../../../arm-none-eabi/lib/thumb/v7e-m+fp/hard/libc_nano.a(libc_a-init.o)
 .ARM.attributes
                0x0000065b       0x34 /home/gsantini/st/stm32cubeide_1.16.1/plugins/com.st.stm32cube.ide.mcu.externaltools.gnu-tools-for-stm32.12.3.rel1.linux64_1.0.200.202406132123/tools/bin/../lib/gcc/arm-none-eabi/12.3.1/../../../../arm-none-eabi/lib/thumb/v7e-m+fp/hard/libc_nano.a(libc_a-lock.o)
 .ARM.attributes
                0x0000068f       0x34 /home/gsantini/st/stm32cubeide_1.16.1/plugins/com.st.stm32cube.ide.mcu.externaltools.gnu-tools-for-stm32.12.3.rel1.linux64_1.0.200.202406132123/tools/bin/../lib/gcc/arm-none-eabi/12.3.1/../../../../arm-none-eabi/lib/thumb/v7e-m+fp/hard/libc_nano.a(libc_a-memcpy-stub.o)
 .ARM.attributes
                0x000006c3       0x17 /home/gsantini/st/stm32cubeide_1.16.1/plugins/com.st.stm32cube.ide.mcu.externaltools.gnu-tools-for-stm32.12.3.rel1.linux64_1.0.200.202406132123/tools/bin/../lib/gcc/arm-none-eabi/12.3.1/../../../../arm-none-eabi/lib/thumb/v7e-m+fp/hard/libc_nano.a(libc_a-strlen.o)
 .ARM.attributes
                0x000006da       0x34 /home/gsantini/st/stm32cubeide_1.16.1/plugins/com.st.stm32cube.ide.mcu.externaltools.gnu-tools-for-stm32.12.3.rel1.linux64_1.0.200.202406132123/tools/bin/../lib/gcc/arm-none-eabi/12.3.1/../../../../arm-none-eabi/lib/thumb/v7e-m+fp/hard/libc_nano.a(libc_a-freer.o)
 .ARM.attributes
                0x0000070e       0x34 /home/gsantini/st/stm32cubeide_1.16.1/plugins/com.st.stm32cube.ide.mcu.externaltools.gnu-tools-for-stm32.12.3.rel1.linux64_1.0.200.202406132123/tools/bin/../lib/gcc/arm-none-eabi/12.3.1/../../../../arm-none-eabi/lib/thumb/v7e-m+fp/hard/libc_nano.a(libc_a-mallocr.o)
 .ARM.attributes
                0x00000742       0x34 /home/gsantini/st/stm32cubeide_1.16.1/plugins/com.st.stm32cube.ide.mcu.externaltools.gnu-tools-for-stm32.12.3.rel1.linux64_1.0.200.202406132123/tools/bin/../lib/gcc/arm-none-eabi/12.3.1/../../../../arm-none-eabi/lib/thumb/v7e-m+fp/hard/libc_nano.a(libc_a-mlock.o)
 .ARM.attributes
                0x00000776       0x34 /home/gsantini/st/stm32cubeide_1.16.1/plugins/com.st.stm32cube.ide.mcu.externaltools.gnu-tools-for-stm32.12.3.rel1.linux64_1.0.200.202406132123/tools/bin/../lib/gcc/arm-none-eabi/12.3.1/../../../../arm-none-eabi/lib/thumb/v7e-m+fp/hard/libc_nano.a(libc_a-nano-svfprintf.o)
 .ARM.attributes
                0x000007aa       0x34 /home/gsantini/st/stm32cubeide_1.16.1/plugins/com.st.stm32cube.ide.mcu.externaltools.gnu-tools-for-stm32.12.3.rel1.linux64_1.0.200.202406132123/tools/bin/../lib/gcc/arm-none-eabi/12.3.1/../../../../arm-none-eabi/lib/thumb/v7e-m+fp/hard/libc_nano.a(libc_a-nano-vfprintf_i.o)
 .ARM.attributes
                0x000007de       0x34 /home/gsantini/st/stm32cubeide_1.16.1/plugins/com.st.stm32cube.ide.mcu.externaltools.gnu-tools-for-stm32.12.3.rel1.linux64_1.0.200.202406132123/tools/bin/../lib/gcc/arm-none-eabi/12.3.1/../../../../arm-none-eabi/lib/thumb/v7e-m+fp/hard/libc_nano.a(libc_a-sbrkr.o)
 .ARM.attributes
                0x00000812       0x1c /home/gsantini/st/stm32cubeide_1.16.1/plugins/com.st.stm32cube.ide.mcu.externaltools.gnu-tools-for-stm32.12.3.rel1.linux64_1.0.200.202406132123/tools/bin/../lib/gcc/arm-none-eabi/12.3.1/../../../../arm-none-eabi/lib/thumb/v7e-m+fp/hard/libc_nano.a(libc_a-memchr.o)
 .ARM.attributes
                0x0000082e       0x34 /home/gsantini/st/stm32cubeide_1.16.1/plugins/com.st.stm32cube.ide.mcu.externaltools.gnu-tools-for-stm32.12.3.rel1.linux64_1.0.200.202406132123/tools/bin/../lib/gcc/arm-none-eabi/12.3.1/../../../../arm-none-eabi/lib/thumb/v7e-m+fp/hard/libc_nano.a(libc_a-reallocr.o)
 .ARM.attributes
                0x00000862       0x34 /home/gsantini/st/stm32cubeide_1.16.1/plugins/com.st.stm32cube.ide.mcu.externaltools.gnu-tools-for-stm32.12.3.rel1.linux64_1.0.200.202406132123/tools/bin/../lib/gcc/arm-none-eabi/12.3.1/../../../../arm-none-eabi/lib/thumb/v7e-m+fp/hard/libc_nano.a(libc_a-msizer.o)
 .ARM.attributes
                0x00000896       0x22 /home/gsantini/st/stm32cubeide_1.16.1/plugins/com.st.stm32cube.ide.mcu.externaltools.gnu-tools-for-stm32.12.3.rel1.linux64_1.0.200.202406132123/tools/bin/../lib/gcc/arm-none-eabi/12.3.1/thumb/v7e-m+fp/hard/libgcc.a(_aeabi_uldivmod.o)
 .ARM.attributes
                0x000008b8       0x34 /home/gsantini/st/stm32cubeide_1.16.1/plugins/com.st.stm32cube.ide.mcu.externaltools.gnu-tools-for-stm32.12.3.rel1.linux64_1.0.200.202406132123/tools/bin/../lib/gcc/arm-none-eabi/12.3.1/thumb/v7e-m+fp/hard/libgcc.a(_udivmoddi4.o)
 .ARM.attributes
                0x000008ec       0x22 /home/gsantini/st/stm32cubeide_1.16.1/plugins/com.st.stm32cube.ide.mcu.externaltools.gnu-tools-for-stm32.12.3.rel1.linux64_1.0.200.202406132123/tools/bin/../lib/gcc/arm-none-eabi/12.3.1/thumb/v7e-m+fp/hard/libgcc.a(_dvmd_tls.o)
 .ARM.attributes
                0x0000090e       0x22 /home/gsantini/st/stm32cubeide_1.16.1/plugins/com.st.stm32cube.ide.mcu.externaltools.gnu-tools-for-stm32.12.3.rel1.linux64_1.0.200.202406132123/tools/bin/../lib/gcc/arm-none-eabi/12.3.1/thumb/v7e-m+fp/hard/crtn.o
OUTPUT(STM32L4-CNN-Quantization.elf elf32-littlearm)
LOAD linker stubs
LOAD /home/gsantini/st/stm32cubeide_1.16.1/plugins/com.st.stm32cube.ide.mcu.externaltools.gnu-tools-for-stm32.12.3.rel1.linux64_1.0.200.202406132123/tools/bin/../lib/gcc/arm-none-eabi/12.3.1/../../../../arm-none-eabi/lib/thumb/v7e-m+fp/hard/libc.a
LOAD /home/gsantini/st/stm32cubeide_1.16.1/plugins/com.st.stm32cube.ide.mcu.externaltools.gnu-tools-for-stm32.12.3.rel1.linux64_1.0.200.202406132123/tools/bin/../lib/gcc/arm-none-eabi/12.3.1/../../../../arm-none-eabi/lib/thumb/v7e-m+fp/hard/libm.a
LOAD /home/gsantini/st/stm32cubeide_1.16.1/plugins/com.st.stm32cube.ide.mcu.externaltools.gnu-tools-for-stm32.12.3.rel1.linux64_1.0.200.202406132123/tools/bin/../lib/gcc/arm-none-eabi/12.3.1/thumb/v7e-m+fp/hard/libgcc.a

.debug_info     0x00000000     0xe0b6
 .debug_info    0x00000000     0x12d7 ./Core/Src/main.o
 .debug_info    0x000012d7      0xd21 ./Core/Src/stm32l4xx_hal_msp.o
 .debug_info    0x00001ff8      0x113 ./Core/Src/stm32l4xx_it.o
 .debug_info    0x0000210b      0x168 ./Core/Src/sysmem.o
 .debug_info    0x00002273      0x5b1 ./Core/Src/system_stm32l4xx.o
 .debug_info    0x00002824       0x30 ./Core/Startup/startup_stm32l476rgtx.o
 .debug_info    0x00002854      0x234 ./Drivers/CMSIS/NN/Source/ActivationFunctions/arm_relu_q7.o
 .debug_info    0x00002a88      0x714 ./Drivers/CMSIS/NN/Source/ConvolutionFunctions/arm_convolve_HWC_q7_RGB.o
 .debug_info    0x0000319c      0x639 ./Drivers/CMSIS/NN/Source/ConvolutionFunctions/arm_convolve_HWC_q7_fast.o
 .debug_info    0x000037d5      0xac1 ./Drivers/CMSIS/NN/Source/ConvolutionFunctions/arm_nn_mat_mult_kernel_q7_q15.o
 .debug_info    0x00004296      0x7ab ./Drivers/CMSIS/NN/Source/ConvolutionFunctions/arm_nn_mat_mult_kernel_q7_q15_reordered.o
 .debug_info    0x00004a41      0xa8e ./Drivers/CMSIS/NN/Source/FullyConnectedFunctions/arm_fully_connected_q7_opt.o
 .debug_info    0x000054cf      0x25f ./Drivers/CMSIS/NN/Source/NNSupportFunctions/arm_q7_to_q15_reordered_no_shift.o
 .debug_info    0x0000572e      0x730 ./Drivers/CMSIS/NN/Source/PoolingFunctions/arm_pool_q7_HWC.o
 .debug_info    0x00005e5e      0x24b ./Drivers/CMSIS/NN/Source/SoftmaxFunctions/arm_softmax_q7.o
 .debug_info    0x000060a9      0xc09 ./Drivers/STM32L4xx_HAL_Driver/Src/stm32l4xx_hal.o
 .debug_info    0x00006cb2      0xd81 ./Drivers/STM32L4xx_HAL_Driver/Src/stm32l4xx_hal_cortex.o
 .debug_info    0x00007a33      0x757 ./Drivers/STM32L4xx_HAL_Driver/Src/stm32l4xx_hal_gpio.o
 .debug_info    0x0000818a      0x99e ./Drivers/STM32L4xx_HAL_Driver/Src/stm32l4xx_hal_pwr_ex.o
 .debug_info    0x00008b28      0xc14 ./Drivers/STM32L4xx_HAL_Driver/Src/stm32l4xx_hal_rcc.o
 .debug_info    0x0000973c      0xe11 ./Drivers/STM32L4xx_HAL_Driver/Src/stm32l4xx_hal_rcc_ex.o
 .debug_info    0x0000a54d     0x3b69 ./Drivers/STM32L4xx_HAL_Driver/Src/stm32l4xx_hal_uart.o

.debug_abbrev   0x00000000     0x272f
 .debug_abbrev  0x00000000      0x2a8 ./Core/Src/main.o
 .debug_abbrev  0x000002a8      0x1d2 ./Core/Src/stm32l4xx_hal_msp.o
 .debug_abbrev  0x0000047a       0x73 ./Core/Src/stm32l4xx_it.o
 .debug_abbrev  0x000004ed       0xbc ./Core/Src/sysmem.o
 .debug_abbrev  0x000005a9      0x11a ./Core/Src/system_stm32l4xx.o
 .debug_abbrev  0x000006c3       0x24 ./Core/Startup/startup_stm32l476rgtx.o
 .debug_abbrev  0x000006e7      0x125 ./Drivers/CMSIS/NN/Source/ActivationFunctions/arm_relu_q7.o
 .debug_abbrev  0x0000080c      0x21b ./Drivers/CMSIS/NN/Source/ConvolutionFunctions/arm_convolve_HWC_q7_RGB.o
 .debug_abbrev  0x00000a27      0x23b ./Drivers/CMSIS/NN/Source/ConvolutionFunctions/arm_convolve_HWC_q7_fast.o
 .debug_abbrev  0x00000c62      0x1a4 ./Drivers/CMSIS/NN/Source/ConvolutionFunctions/arm_nn_mat_mult_kernel_q7_q15.o
 .debug_abbrev  0x00000e06      0x193 ./Drivers/CMSIS/NN/Source/ConvolutionFunctions/arm_nn_mat_mult_kernel_q7_q15_reordered.o
 .debug_abbrev  0x00000f99      0x21f ./Drivers/CMSIS/NN/Source/FullyConnectedFunctions/arm_fully_connected_q7_opt.o
 .debug_abbrev  0x000011b8      0x12d ./Drivers/CMSIS/NN/Source/NNSupportFunctions/arm_q7_to_q15_reordered_no_shift.o
 .debug_abbrev  0x000012e5      0x225 ./Drivers/CMSIS/NN/Source/PoolingFunctions/arm_pool_q7_HWC.o
 .debug_abbrev  0x0000150a       0xc1 ./Drivers/CMSIS/NN/Source/SoftmaxFunctions/arm_softmax_q7.o
 .debug_abbrev  0x000015cb      0x243 ./Drivers/STM32L4xx_HAL_Driver/Src/stm32l4xx_hal.o
 .debug_abbrev  0x0000180e      0x31c ./Drivers/STM32L4xx_HAL_Driver/Src/stm32l4xx_hal_cortex.o
 .debug_abbrev  0x00001b2a      0x1cb ./Drivers/STM32L4xx_HAL_Driver/Src/stm32l4xx_hal_gpio.o
 .debug_abbrev  0x00001cf5      0x1f9 ./Drivers/STM32L4xx_HAL_Driver/Src/stm32l4xx_hal_pwr_ex.o
 .debug_abbrev  0x00001eee      0x2cb ./Drivers/STM32L4xx_HAL_Driver/Src/stm32l4xx_hal_rcc.o
 .debug_abbrev  0x000021b9      0x2a6 ./Drivers/STM32L4xx_HAL_Driver/Src/stm32l4xx_hal_rcc_ex.o
 .debug_abbrev  0x0000245f      0x2d0 ./Drivers/STM32L4xx_HAL_Driver/Src/stm32l4xx_hal_uart.o

.debug_aranges  0x00000000      0xa08
 .debug_aranges
                0x00000000       0x40 ./Core/Src/main.o
 .debug_aranges
                0x00000040       0x30 ./Core/Src/stm32l4xx_hal_msp.o
 .debug_aranges
                0x00000070       0x60 ./Core/Src/stm32l4xx_it.o
 .debug_aranges
                0x000000d0       0x20 ./Core/Src/sysmem.o
 .debug_aranges
                0x000000f0       0x28 ./Core/Src/system_stm32l4xx.o
 .debug_aranges
                0x00000118       0x28 ./Core/Startup/startup_stm32l476rgtx.o
 .debug_aranges
                0x00000140       0x20 ./Drivers/CMSIS/NN/Source/ActivationFunctions/arm_relu_q7.o
 .debug_aranges
                0x00000160       0x20 ./Drivers/CMSIS/NN/Source/ConvolutionFunctions/arm_convolve_HWC_q7_RGB.o
 .debug_aranges
                0x00000180       0x20 ./Drivers/CMSIS/NN/Source/ConvolutionFunctions/arm_convolve_HWC_q7_fast.o
 .debug_aranges
                0x000001a0       0x20 ./Drivers/CMSIS/NN/Source/ConvolutionFunctions/arm_nn_mat_mult_kernel_q7_q15.o
 .debug_aranges
                0x000001c0       0x20 ./Drivers/CMSIS/NN/Source/ConvolutionFunctions/arm_nn_mat_mult_kernel_q7_q15_reordered.o
 .debug_aranges
                0x000001e0       0x20 ./Drivers/CMSIS/NN/Source/FullyConnectedFunctions/arm_fully_connected_q7_opt.o
 .debug_aranges
                0x00000200       0x20 ./Drivers/CMSIS/NN/Source/NNSupportFunctions/arm_q7_to_q15_reordered_no_shift.o
 .debug_aranges
                0x00000220       0x40 ./Drivers/CMSIS/NN/Source/PoolingFunctions/arm_pool_q7_HWC.o
 .debug_aranges
                0x00000260       0x20 ./Drivers/CMSIS/NN/Source/SoftmaxFunctions/arm_softmax_q7.o
 .debug_aranges
                0x00000280      0x130 ./Drivers/STM32L4xx_HAL_Driver/Src/stm32l4xx_hal.o
 .debug_aranges
                0x000003b0      0x128 ./Drivers/STM32L4xx_HAL_Driver/Src/stm32l4xx_hal_cortex.o
 .debug_aranges
                0x000004d8       0x58 ./Drivers/STM32L4xx_HAL_Driver/Src/stm32l4xx_hal_gpio.o
 .debug_aranges
                0x00000530      0x160 ./Drivers/STM32L4xx_HAL_Driver/Src/stm32l4xx_hal_pwr_ex.o
 .debug_aranges
                0x00000690       0x90 ./Drivers/STM32L4xx_HAL_Driver/Src/stm32l4xx_hal_rcc.o
 .debug_aranges
                0x00000720       0xc0 ./Drivers/STM32L4xx_HAL_Driver/Src/stm32l4xx_hal_rcc_ex.o
 .debug_aranges
                0x000007e0      0x228 ./Drivers/STM32L4xx_HAL_Driver/Src/stm32l4xx_hal_uart.o

.debug_rnglists
                0x00000000      0x784
 .debug_rnglists
                0x00000000       0x2e ./Core/Src/main.o
 .debug_rnglists
                0x0000002e       0x20 ./Core/Src/stm32l4xx_hal_msp.o
 .debug_rnglists
                0x0000004e       0x43 ./Core/Src/stm32l4xx_it.o
 .debug_rnglists
                0x00000091       0x13 ./Core/Src/sysmem.o
 .debug_rnglists
                0x000000a4       0x1a ./Core/Src/system_stm32l4xx.o
 .debug_rnglists
                0x000000be       0x19 ./Core/Startup/startup_stm32l476rgtx.o
 .debug_rnglists
                0x000000d7       0x14 ./Drivers/CMSIS/NN/Source/ActivationFunctions/arm_relu_q7.o
 .debug_rnglists
                0x000000eb       0x14 ./Drivers/CMSIS/NN/Source/ConvolutionFunctions/arm_convolve_HWC_q7_RGB.o
 .debug_rnglists
                0x000000ff       0x14 ./Drivers/CMSIS/NN/Source/ConvolutionFunctions/arm_convolve_HWC_q7_fast.o
 .debug_rnglists
                0x00000113       0x14 ./Drivers/CMSIS/NN/Source/ConvolutionFunctions/arm_nn_mat_mult_kernel_q7_q15.o
 .debug_rnglists
                0x00000127       0x14 ./Drivers/CMSIS/NN/Source/ConvolutionFunctions/arm_nn_mat_mult_kernel_q7_q15_reordered.o
 .debug_rnglists
                0x0000013b       0x14 ./Drivers/CMSIS/NN/Source/FullyConnectedFunctions/arm_fully_connected_q7_opt.o
 .debug_rnglists
                0x0000014f       0x14 ./Drivers/CMSIS/NN/Source/NNSupportFunctions/arm_q7_to_q15_reordered_no_shift.o
 .debug_rnglists
                0x00000163       0x2f ./Drivers/CMSIS/NN/Source/PoolingFunctions/arm_pool_q7_HWC.o
 .debug_rnglists
                0x00000192       0x14 ./Drivers/CMSIS/NN/Source/SoftmaxFunctions/arm_softmax_q7.o
 .debug_rnglists
                0x000001a6       0xdf ./Drivers/STM32L4xx_HAL_Driver/Src/stm32l4xx_hal.o
 .debug_rnglists
                0x00000285       0xda ./Drivers/STM32L4xx_HAL_Driver/Src/stm32l4xx_hal_cortex.o
 .debug_rnglists
                0x0000035f       0x3f ./Drivers/STM32L4xx_HAL_Driver/Src/stm32l4xx_hal_gpio.o
 .debug_rnglists
                0x0000039e      0x109 ./Drivers/STM32L4xx_HAL_Driver/Src/stm32l4xx_hal_pwr_ex.o
 .debug_rnglists
                0x000004a7       0x6d ./Drivers/STM32L4xx_HAL_Driver/Src/stm32l4xx_hal_rcc.o
 .debug_rnglists
                0x00000514       0x95 ./Drivers/STM32L4xx_HAL_Driver/Src/stm32l4xx_hal_rcc_ex.o
 .debug_rnglists
                0x000005a9      0x1db ./Drivers/STM32L4xx_HAL_Driver/Src/stm32l4xx_hal_uart.o

.debug_macro    0x00000000    0x27328
 .debug_macro   0x00000000      0x349 ./Core/Src/main.o
 .debug_macro   0x00000349      0xaba ./Core/Src/main.o
 .debug_macro   0x00000e03       0x22 ./Core/Src/main.o
 .debug_macro   0x00000e25       0x5b ./Core/Src/main.o
 .debug_macro   0x00000e80       0x2a ./Core/Src/main.o
 .debug_macro   0x00000eaa       0x94 ./Core/Src/main.o
 .debug_macro   0x00000f3e       0x43 ./Core/Src/main.o
 .debug_macro   0x00000f81       0x34 ./Core/Src/main.o
 .debug_macro   0x00000fb5       0x16 ./Core/Src/main.o
 .debug_macro   0x00000fcb       0x57 ./Core/Src/main.o
 .debug_macro   0x00001022       0x9e ./Core/Src/main.o
 .debug_macro   0x000010c0      0x369 ./Core/Src/main.o
 .debug_macro   0x00001429      0x10b ./Core/Src/main.o
 .debug_macro   0x00001534       0x10 ./Core/Src/main.o
 .debug_macro   0x00001544       0x16 ./Core/Src/main.o
 .debug_macro   0x0000155a       0x43 ./Core/Src/main.o
 .debug_macro   0x0000159d       0x34 ./Core/Src/main.o
 .debug_macro   0x000015d1       0x10 ./Core/Src/main.o
 .debug_macro   0x000015e1       0x58 ./Core/Src/main.o
 .debug_macro   0x00001639       0x8e ./Core/Src/main.o
 .debug_macro   0x000016c7       0x1c ./Core/Src/main.o
 .debug_macro   0x000016e3      0x177 ./Core/Src/main.o
 .debug_macro   0x0000185a       0x16 ./Core/Src/main.o
 .debug_macro   0x00001870       0x16 ./Core/Src/main.o
 .debug_macro   0x00001886      0x146 ./Core/Src/main.o
 .debug_macro   0x000019cc      0x1a1 ./Core/Src/main.o
 .debug_macro   0x00001b6d       0x2e ./Core/Src/main.o
 .debug_macro   0x00001b9b       0x28 ./Core/Src/main.o
 .debug_macro   0x00001bc3      0x103 ./Core/Src/main.o
 .debug_macro   0x00001cc6       0x6a ./Core/Src/main.o
 .debug_macro   0x00001d30      0x1df ./Core/Src/main.o
 .debug_macro   0x00001f0f       0x1c ./Core/Src/main.o
 .debug_macro   0x00001f2b       0x22 ./Core/Src/main.o
 .debug_macro   0x00001f4d       0xfb ./Core/Src/main.o
 .debug_macro   0x00002048     0x1011 ./Core/Src/main.o
 .debug_macro   0x00003059      0x11f ./Core/Src/main.o
 .debug_macro   0x00003178    0x1a17a ./Core/Src/main.o
 .debug_macro   0x0001d2f2       0x6d ./Core/Src/main.o
 .debug_macro   0x0001d35f     0x38fb ./Core/Src/main.o
 .debug_macro   0x00020c5a       0x56 ./Core/Src/main.o
 .debug_macro   0x00020cb0     0x159e ./Core/Src/main.o
 .debug_macro   0x0002224e      0x5a5 ./Core/Src/main.o
 .debug_macro   0x000227f3      0x1b9 ./Core/Src/main.o
 .debug_macro   0x000229ac      0x18b ./Core/Src/main.o
 .debug_macro   0x00022b37      0x26b ./Core/Src/main.o
 .debug_macro   0x00022da2      0x23d ./Core/Src/main.o
 .debug_macro   0x00022fdf      0x241 ./Core/Src/main.o
 .debug_macro   0x00023220      0x37c ./Core/Src/main.o
 .debug_macro   0x0002359c       0xd6 ./Core/Src/main.o
 .debug_macro   0x00023672      0x122 ./Core/Src/main.o
 .debug_macro   0x00023794      0x3ef ./Core/Src/main.o
 .debug_macro   0x00023b83      0x5cf ./Core/Src/main.o
 .debug_macro   0x00024152       0x44 ./Core/Src/main.o
 .debug_macro   0x00024196      0x330 ./Core/Src/main.o
 .debug_macro   0x000244c6       0x58 ./Core/Src/main.o
 .debug_macro   0x0002451e       0x16 ./Core/Src/main.o
 .debug_macro   0x00024534       0x35 ./Core/Src/main.o
 .debug_macro   0x00024569       0x20 ./Core/Src/main.o
 .debug_macro   0x00024589      0x19b ./Core/Src/main.o
 .debug_macro   0x00024724      0x201 ./Core/Src/main.o
 .debug_macro   0x00024925       0xc8 ./Core/Src/main.o
 .debug_macro   0x000249ed       0x88 ./Core/Src/main.o
 .debug_macro   0x00024a75       0x23 ./Core/Src/main.o
 .debug_macro   0x00024a98       0xe2 ./Core/Src/main.o
 .debug_macro   0x00024b7a       0x70 ./Core/Src/main.o
 .debug_macro   0x00024bea      0x1bb ./Core/Src/stm32l4xx_hal_msp.o
 .debug_macro   0x00024da5       0x8e ./Core/Src/stm32l4xx_hal_msp.o
 .debug_macro   0x00024e33       0x51 ./Core/Src/stm32l4xx_hal_msp.o
 .debug_macro   0x00024e84      0x189 ./Core/Src/stm32l4xx_hal_msp.o
 .debug_macro   0x0002500d       0x5c ./Core/Src/stm32l4xx_hal_msp.o
 .debug_macro   0x00025069      0x1c5 ./Core/Src/stm32l4xx_it.o
 .debug_macro   0x0002522e       0xff ./Core/Src/sysmem.o
 .debug_macro   0x0002532d      0x23c ./Core/Src/sysmem.o
 .debug_macro   0x00025569      0x1ac ./Core/Src/system_stm32l4xx.o
 .debug_macro   0x00025715      0x1b5 ./Drivers/CMSIS/NN/Source/ActivationFunctions/arm_relu_q7.o
 .debug_macro   0x000258ca      0x1b5 ./Drivers/CMSIS/NN/Source/ConvolutionFunctions/arm_convolve_HWC_q7_RGB.o
 .debug_macro   0x00025a7f      0x1b5 ./Drivers/CMSIS/NN/Source/ConvolutionFunctions/arm_convolve_HWC_q7_fast.o
 .debug_macro   0x00025c34      0x1b5 ./Drivers/CMSIS/NN/Source/ConvolutionFunctions/arm_nn_mat_mult_kernel_q7_q15.o
 .debug_macro   0x00025de9      0x1b5 ./Drivers/CMSIS/NN/Source/ConvolutionFunctions/arm_nn_mat_mult_kernel_q7_q15_reordered.o
 .debug_macro   0x00025f9e      0x1b5 ./Drivers/CMSIS/NN/Source/FullyConnectedFunctions/arm_fully_connected_q7_opt.o
 .debug_macro   0x00026153      0x19b ./Drivers/CMSIS/NN/Source/NNSupportFunctions/arm_q7_to_q15_reordered_no_shift.o
 .debug_macro   0x000262ee      0x1b5 ./Drivers/CMSIS/NN/Source/PoolingFunctions/arm_pool_q7_HWC.o
 .debug_macro   0x000264a3      0x1b5 ./Drivers/CMSIS/NN/Source/SoftmaxFunctions/arm_softmax_q7.o
 .debug_macro   0x00026658      0x1fa ./Drivers/STM32L4xx_HAL_Driver/Src/stm32l4xx_hal.o
 .debug_macro   0x00026852      0x1ac ./Drivers/STM32L4xx_HAL_Driver/Src/stm32l4xx_hal_cortex.o
 .debug_macro   0x000269fe      0x1b3 ./Drivers/STM32L4xx_HAL_Driver/Src/stm32l4xx_hal_gpio.o
 .debug_macro   0x00026bb1      0x1d0 ./Drivers/STM32L4xx_HAL_Driver/Src/stm32l4xx_hal_pwr_ex.o
 .debug_macro   0x00026d81      0x1ee ./Drivers/STM32L4xx_HAL_Driver/Src/stm32l4xx_hal_rcc.o
 .debug_macro   0x00026f6f      0x1e2 ./Drivers/STM32L4xx_HAL_Driver/Src/stm32l4xx_hal_rcc_ex.o
 .debug_macro   0x00027151      0x1d7 ./Drivers/STM32L4xx_HAL_Driver/Src/stm32l4xx_hal_uart.o

.debug_line     0x00000000     0xf767
 .debug_line    0x00000000      0xa9d ./Core/Src/main.o
 .debug_line    0x00000a9d      0x6eb ./Core/Src/stm32l4xx_hal_msp.o
 .debug_line    0x00001188      0x74e ./Core/Src/stm32l4xx_it.o
 .debug_line    0x000018d6      0x4ea ./Core/Src/sysmem.o
 .debug_line    0x00001dc0      0x726 ./Core/Src/system_stm32l4xx.o
 .debug_line    0x000024e6       0x7a ./Core/Startup/startup_stm32l476rgtx.o
 .debug_line    0x00002560      0x67c ./Drivers/CMSIS/NN/Source/ActivationFunctions/arm_relu_q7.o
 .debug_line    0x00002bdc      0x891 ./Drivers/CMSIS/NN/Source/ConvolutionFunctions/arm_convolve_HWC_q7_RGB.o
 .debug_line    0x0000346d      0xb52 ./Drivers/CMSIS/NN/Source/ConvolutionFunctions/arm_convolve_HWC_q7_fast.o
 .debug_line    0x00003fbf      0xa11 ./Drivers/CMSIS/NN/Source/ConvolutionFunctions/arm_nn_mat_mult_kernel_q7_q15.o
 .debug_line    0x000049d0      0x8e5 ./Drivers/CMSIS/NN/Source/ConvolutionFunctions/arm_nn_mat_mult_kernel_q7_q15_reordered.o
 .debug_line    0x000052b5      0x9dd ./Drivers/CMSIS/NN/Source/FullyConnectedFunctions/arm_fully_connected_q7_opt.o
 .debug_line    0x00005c92      0x67a ./Drivers/CMSIS/NN/Source/NNSupportFunctions/arm_q7_to_q15_reordered_no_shift.o
 .debug_line    0x0000630c      0xa86 ./Drivers/CMSIS/NN/Source/PoolingFunctions/arm_pool_q7_HWC.o
 .debug_line    0x00006d92      0x690 ./Drivers/CMSIS/NN/Source/SoftmaxFunctions/arm_softmax_q7.o
 .debug_line    0x00007422      0xa82 ./Drivers/STM32L4xx_HAL_Driver/Src/stm32l4xx_hal.o
 .debug_line    0x00007ea4      0xc4a ./Drivers/STM32L4xx_HAL_Driver/Src/stm32l4xx_hal_cortex.o
 .debug_line    0x00008aee      0xb0d ./Drivers/STM32L4xx_HAL_Driver/Src/stm32l4xx_hal_gpio.o
 .debug_line    0x000095fb      0xc73 ./Drivers/STM32L4xx_HAL_Driver/Src/stm32l4xx_hal_pwr_ex.o
 .debug_line    0x0000a26e      0xefa ./Drivers/STM32L4xx_HAL_Driver/Src/stm32l4xx_hal_rcc.o
 .debug_line    0x0000b168     0x146c ./Drivers/STM32L4xx_HAL_Driver/Src/stm32l4xx_hal_rcc_ex.o
 .debug_line    0x0000c5d4     0x3193 ./Drivers/STM32L4xx_HAL_Driver/Src/stm32l4xx_hal_uart.o

.debug_str      0x00000000   0x10534d
 .debug_str     0x00000000   0x101f20 ./Core/Src/main.o
                             0x10230d (size before relaxing)
 .debug_str     0x00101f20      0x2da ./Core/Src/stm32l4xx_hal_msp.o
                              0xe1628 (size before relaxing)
 .debug_str     0x001021fa       0xc9 ./Core/Src/stm32l4xx_it.o
                              0xe0d8a (size before relaxing)
 .debug_str     0x001022c3      0x4dc ./Core/Src/sysmem.o
                               0x60c6 (size before relaxing)
 .debug_str     0x0010279f       0xf2 ./Core/Src/system_stm32l4xx.o
                              0xe0df2 (size before relaxing)
 .debug_str     0x00102891       0x44 ./Core/Startup/startup_stm32l476rgtx.o
                                 0x6a (size before relaxing)
 .debug_str     0x001028d5       0x67 ./Drivers/CMSIS/NN/Source/ActivationFunctions/arm_relu_q7.o
                               0x93fd (size before relaxing)
 .debug_str     0x0010293c      0x181 ./Drivers/CMSIS/NN/Source/ConvolutionFunctions/arm_convolve_HWC_q7_RGB.o
                               0x9605 (size before relaxing)
 .debug_str     0x00102abd       0xb2 ./Drivers/CMSIS/NN/Source/ConvolutionFunctions/arm_convolve_HWC_q7_fast.o
                               0x960b (size before relaxing)
 .debug_str     0x00102b6f       0x9d ./Drivers/CMSIS/NN/Source/ConvolutionFunctions/arm_nn_mat_mult_kernel_q7_q15.o
                               0x94fb (size before relaxing)
 .debug_str     0x00102c0c       0x5a ./Drivers/CMSIS/NN/Source/ConvolutionFunctions/arm_nn_mat_mult_kernel_q7_q15_reordered.o
                               0x94fc (size before relaxing)
 .debug_str     0x00102c66       0xa0 ./Drivers/CMSIS/NN/Source/FullyConnectedFunctions/arm_fully_connected_q7_opt.o
                               0x95ad (size before relaxing)
 .debug_str     0x00102d06       0x6c ./Drivers/CMSIS/NN/Source/NNSupportFunctions/arm_q7_to_q15_reordered_no_shift.o
                               0x93fd (size before relaxing)
 .debug_str     0x00102d72      0x114 ./Drivers/CMSIS/NN/Source/PoolingFunctions/arm_pool_q7_HWC.o
                               0x9567 (size before relaxing)
 .debug_str     0x00102e86       0x56 ./Drivers/CMSIS/NN/Source/SoftmaxFunctions/arm_softmax_q7.o
                               0x943a (size before relaxing)
 .debug_str     0x00102edc      0xb05 ./Drivers/STM32L4xx_HAL_Driver/Src/stm32l4xx_hal.o
                              0xe19f1 (size before relaxing)
 .debug_str     0x001039e1      0x372 ./Drivers/STM32L4xx_HAL_Driver/Src/stm32l4xx_hal_cortex.o
                              0xe166b (size before relaxing)
 .debug_str     0x00103d53      0x123 ./Drivers/STM32L4xx_HAL_Driver/Src/stm32l4xx_hal_gpio.o
                              0xe0f6b (size before relaxing)
 .debug_str     0x00103e76      0x4e3 ./Drivers/STM32L4xx_HAL_Driver/Src/stm32l4xx_hal_pwr_ex.o
                              0xe134d (size before relaxing)
 .debug_str     0x00104359      0x345 ./Drivers/STM32L4xx_HAL_Driver/Src/stm32l4xx_hal_rcc.o
                              0xe1438 (size before relaxing)
 .debug_str     0x0010469e      0x3bf ./Drivers/STM32L4xx_HAL_Driver/Src/stm32l4xx_hal_rcc_ex.o
                              0xe15b1 (size before relaxing)
 .debug_str     0x00104a5d      0x8f0 ./Drivers/STM32L4xx_HAL_Driver/Src/stm32l4xx_hal_uart.o
                              0xe1b4a (size before relaxing)

.comment        0x00000000       0x43
 .comment       0x00000000       0x43 ./Core/Src/main.o
                                 0x44 (size before relaxing)
 .comment       0x00000043       0x44 ./Core/Src/stm32l4xx_hal_msp.o
 .comment       0x00000043       0x44 ./Core/Src/stm32l4xx_it.o
 .comment       0x00000043       0x44 ./Core/Src/sysmem.o
 .comment       0x00000043       0x44 ./Core/Src/system_stm32l4xx.o
 .comment       0x00000043       0x44 ./Drivers/CMSIS/NN/Source/ActivationFunctions/arm_relu_q7.o
 .comment       0x00000043       0x44 ./Drivers/CMSIS/NN/Source/ConvolutionFunctions/arm_convolve_HWC_q7_RGB.o
 .comment       0x00000043       0x44 ./Drivers/CMSIS/NN/Source/ConvolutionFunctions/arm_convolve_HWC_q7_fast.o
 .comment       0x00000043       0x44 ./Drivers/CMSIS/NN/Source/ConvolutionFunctions/arm_nn_mat_mult_kernel_q7_q15.o
 .comment       0x00000043       0x44 ./Drivers/CMSIS/NN/Source/ConvolutionFunctions/arm_nn_mat_mult_kernel_q7_q15_reordered.o
 .comment       0x00000043       0x44 ./Drivers/CMSIS/NN/Source/FullyConnectedFunctions/arm_fully_connected_q7_opt.o
 .comment       0x00000043       0x44 ./Drivers/CMSIS/NN/Source/NNSupportFunctions/arm_q7_to_q15_reordered_no_shift.o
 .comment       0x00000043       0x44 ./Drivers/CMSIS/NN/Source/PoolingFunctions/arm_pool_q7_HWC.o
 .comment       0x00000043       0x44 ./Drivers/CMSIS/NN/Source/SoftmaxFunctions/arm_softmax_q7.o
 .comment       0x00000043       0x44 ./Drivers/STM32L4xx_HAL_Driver/Src/stm32l4xx_hal.o
 .comment       0x00000043       0x44 ./Drivers/STM32L4xx_HAL_Driver/Src/stm32l4xx_hal_cortex.o
 .comment       0x00000043       0x44 ./Drivers/STM32L4xx_HAL_Driver/Src/stm32l4xx_hal_gpio.o
 .comment       0x00000043       0x44 ./Drivers/STM32L4xx_HAL_Driver/Src/stm32l4xx_hal_pwr_ex.o
 .comment       0x00000043       0x44 ./Drivers/STM32L4xx_HAL_Driver/Src/stm32l4xx_hal_rcc.o
 .comment       0x00000043       0x44 ./Drivers/STM32L4xx_HAL_Driver/Src/stm32l4xx_hal_rcc_ex.o
 .comment       0x00000043       0x44 ./Drivers/STM32L4xx_HAL_Driver/Src/stm32l4xx_hal_uart.o

.debug_frame    0x00000000     0x2ab4
 .debug_frame   0x00000000       0xb0 ./Core/Src/main.o
 .debug_frame   0x000000b0       0x84 ./Core/Src/stm32l4xx_hal_msp.o
 .debug_frame   0x00000134      0x104 ./Core/Src/stm32l4xx_it.o
 .debug_frame   0x00000238       0x34 ./Core/Src/sysmem.o
 .debug_frame   0x0000026c       0x58 ./Core/Src/system_stm32l4xx.o
 .debug_frame   0x000002c4       0x38 ./Drivers/CMSIS/NN/Source/ActivationFunctions/arm_relu_q7.o
 .debug_frame   0x000002fc       0x38 ./Drivers/CMSIS/NN/Source/ConvolutionFunctions/arm_convolve_HWC_q7_RGB.o
 .debug_frame   0x00000334       0x38 ./Drivers/CMSIS/NN/Source/ConvolutionFunctions/arm_convolve_HWC_q7_fast.o
 .debug_frame   0x0000036c       0x3c ./Drivers/CMSIS/NN/Source/ConvolutionFunctions/arm_nn_mat_mult_kernel_q7_q15.o
 .debug_frame   0x000003a8       0x3c ./Drivers/CMSIS/NN/Source/ConvolutionFunctions/arm_nn_mat_mult_kernel_q7_q15_reordered.o
 .debug_frame   0x000003e4       0x38 ./Drivers/CMSIS/NN/Source/FullyConnectedFunctions/arm_fully_connected_q7_opt.o
 .debug_frame   0x0000041c       0x38 ./Drivers/CMSIS/NN/Source/NNSupportFunctions/arm_q7_to_q15_reordered_no_shift.o
 .debug_frame   0x00000454       0xd8 ./Drivers/CMSIS/NN/Source/PoolingFunctions/arm_pool_q7_HWC.o
 .debug_frame   0x0000052c       0x38 ./Drivers/CMSIS/NN/Source/SoftmaxFunctions/arm_softmax_q7.o
 .debug_frame   0x00000564      0x498 ./Drivers/STM32L4xx_HAL_Driver/Src/stm32l4xx_hal.o
 .debug_frame   0x000009fc      0x4e8 ./Drivers/STM32L4xx_HAL_Driver/Src/stm32l4xx_hal_cortex.o
 .debug_frame   0x00000ee4      0x14c ./Drivers/STM32L4xx_HAL_Driver/Src/stm32l4xx_hal_gpio.o
 .debug_frame   0x00001030      0x584 ./Drivers/STM32L4xx_HAL_Driver/Src/stm32l4xx_hal_pwr_ex.o
 .debug_frame   0x000015b4      0x21c ./Drivers/STM32L4xx_HAL_Driver/Src/stm32l4xx_hal_rcc.o
 .debug_frame   0x000017d0      0x2fc ./Drivers/STM32L4xx_HAL_Driver/Src/stm32l4xx_hal_rcc_ex.o
 .debug_frame   0x00001acc      0x9f4 ./Drivers/STM32L4xx_HAL_Driver/Src/stm32l4xx_hal_uart.o
 .debug_frame   0x000024c0      0x144 /home/gsantini/st/stm32cubeide_1.16.1/plugins/com.st.stm32cube.ide.mcu.externaltools.gnu-tools-for-stm32.12.3.rel1.linux64_1.0.200.202406132123/tools/bin/../lib/gcc/arm-none-eabi/12.3.1/../../../../arm-none-eabi/lib/thumb/v7e-m+fp/hard/libc_nano.a(libc_a-findfp.o)
 .debug_frame   0x00002604       0x7c /home/gsantini/st/stm32cubeide_1.16.1/plugins/com.st.stm32cube.ide.mcu.externaltools.gnu-tools-for-stm32.12.3.rel1.linux64_1.0.200.202406132123/tools/bin/../lib/gcc/arm-none-eabi/12.3.1/../../../../arm-none-eabi/lib/thumb/v7e-m+fp/hard/libc_nano.a(libc_a-snprintf.o)
 .debug_frame   0x00002680       0x28 /home/gsantini/st/stm32cubeide_1.16.1/plugins/com.st.stm32cube.ide.mcu.externaltools.gnu-tools-for-stm32.12.3.rel1.linux64_1.0.200.202406132123/tools/bin/../lib/gcc/arm-none-eabi/12.3.1/../../../../arm-none-eabi/lib/thumb/v7e-m+fp/hard/libc_nano.a(libc_a-memmove.o)
 .debug_frame   0x000026a8       0x20 /home/gsantini/st/stm32cubeide_1.16.1/plugins/com.st.stm32cube.ide.mcu.externaltools.gnu-tools-for-stm32.12.3.rel1.linux64_1.0.200.202406132123/tools/bin/../lib/gcc/arm-none-eabi/12.3.1/../../../../arm-none-eabi/lib/thumb/v7e-m+fp/hard/libc_nano.a(libc_a-memset.o)
 .debug_frame   0x000026c8       0x38 /home/gsantini/st/stm32cubeide_1.16.1/plugins/com.st.stm32cube.ide.mcu.externaltools.gnu-tools-for-stm32.12.3.rel1.linux64_1.0.200.202406132123/tools/bin/../lib/gcc/arm-none-eabi/12.3.1/../../../../arm-none-eabi/lib/thumb/v7e-m+fp/hard/libc_nano.a(libc_a-reent.o)
 .debug_frame   0x00002700       0x20 /home/gsantini/st/stm32cubeide_1.16.1/plugins/com.st.stm32cube.ide.mcu.externaltools.gnu-tools-for-stm32.12.3.rel1.linux64_1.0.200.202406132123/tools/bin/../lib/gcc/arm-none-eabi/12.3.1/../../../../arm-none-eabi/lib/thumb/v7e-m+fp/hard/libc_nano.a(libc_a-errno.o)
 .debug_frame   0x00002720       0x2c /home/gsantini/st/stm32cubeide_1.16.1/plugins/com.st.stm32cube.ide.mcu.externaltools.gnu-tools-for-stm32.12.3.rel1.linux64_1.0.200.202406132123/tools/bin/../lib/gcc/arm-none-eabi/12.3.1/../../../../arm-none-eabi/lib/thumb/v7e-m+fp/hard/libc_nano.a(libc_a-init.o)
 .debug_frame   0x0000274c       0xb0 /home/gsantini/st/stm32cubeide_1.16.1/plugins/com.st.stm32cube.ide.mcu.externaltools.gnu-tools-for-stm32.12.3.rel1.linux64_1.0.200.202406132123/tools/bin/../lib/gcc/arm-none-eabi/12.3.1/../../../../arm-none-eabi/lib/thumb/v7e-m+fp/hard/libc_nano.a(libc_a-lock.o)
 .debug_frame   0x000027fc       0x28 /home/gsantini/st/stm32cubeide_1.16.1/plugins/com.st.stm32cube.ide.mcu.externaltools.gnu-tools-for-stm32.12.3.rel1.linux64_1.0.200.202406132123/tools/bin/../lib/gcc/arm-none-eabi/12.3.1/../../../../arm-none-eabi/lib/thumb/v7e-m+fp/hard/libc_nano.a(libc_a-memcpy-stub.o)
 .debug_frame   0x00002824       0x38 /home/gsantini/st/stm32cubeide_1.16.1/plugins/com.st.stm32cube.ide.mcu.externaltools.gnu-tools-for-stm32.12.3.rel1.linux64_1.0.200.202406132123/tools/bin/../lib/gcc/arm-none-eabi/12.3.1/../../../../arm-none-eabi/lib/thumb/v7e-m+fp/hard/libc_nano.a(libc_a-freer.o)
 .debug_frame   0x0000285c       0x50 /home/gsantini/st/stm32cubeide_1.16.1/plugins/com.st.stm32cube.ide.mcu.externaltools.gnu-tools-for-stm32.12.3.rel1.linux64_1.0.200.202406132123/tools/bin/../lib/gcc/arm-none-eabi/12.3.1/../../../../arm-none-eabi/lib/thumb/v7e-m+fp/hard/libc_nano.a(libc_a-mallocr.o)
 .debug_frame   0x000028ac       0x30 /home/gsantini/st/stm32cubeide_1.16.1/plugins/com.st.stm32cube.ide.mcu.externaltools.gnu-tools-for-stm32.12.3.rel1.linux64_1.0.200.202406132123/tools/bin/../lib/gcc/arm-none-eabi/12.3.1/../../../../arm-none-eabi/lib/thumb/v7e-m+fp/hard/libc_nano.a(libc_a-mlock.o)
 .debug_frame   0x000028dc       0x90 /home/gsantini/st/stm32cubeide_1.16.1/plugins/com.st.stm32cube.ide.mcu.externaltools.gnu-tools-for-stm32.12.3.rel1.linux64_1.0.200.202406132123/tools/bin/../lib/gcc/arm-none-eabi/12.3.1/../../../../arm-none-eabi/lib/thumb/v7e-m+fp/hard/libc_nano.a(libc_a-nano-svfprintf.o)
 .debug_frame   0x0000296c       0x60 /home/gsantini/st/stm32cubeide_1.16.1/plugins/com.st.stm32cube.ide.mcu.externaltools.gnu-tools-for-stm32.12.3.rel1.linux64_1.0.200.202406132123/tools/bin/../lib/gcc/arm-none-eabi/12.3.1/../../../../arm-none-eabi/lib/thumb/v7e-m+fp/hard/libc_nano.a(libc_a-nano-vfprintf_i.o)
 .debug_frame   0x000029cc       0x2c /home/gsantini/st/stm32cubeide_1.16.1/plugins/com.st.stm32cube.ide.mcu.externaltools.gnu-tools-for-stm32.12.3.rel1.linux64_1.0.200.202406132123/tools/bin/../lib/gcc/arm-none-eabi/12.3.1/../../../../arm-none-eabi/lib/thumb/v7e-m+fp/hard/libc_nano.a(libc_a-sbrkr.o)
 .debug_frame   0x000029f8       0x3c /home/gsantini/st/stm32cubeide_1.16.1/plugins/com.st.stm32cube.ide.mcu.externaltools.gnu-tools-for-stm32.12.3.rel1.linux64_1.0.200.202406132123/tools/bin/../lib/gcc/arm-none-eabi/12.3.1/../../../../arm-none-eabi/lib/thumb/v7e-m+fp/hard/libc_nano.a(libc_a-reallocr.o)
 .debug_frame   0x00002a34       0x20 /home/gsantini/st/stm32cubeide_1.16.1/plugins/com.st.stm32cube.ide.mcu.externaltools.gnu-tools-for-stm32.12.3.rel1.linux64_1.0.200.202406132123/tools/bin/../lib/gcc/arm-none-eabi/12.3.1/../../../../arm-none-eabi/lib/thumb/v7e-m+fp/hard/libc_nano.a(libc_a-msizer.o)
 .debug_frame   0x00002a54       0x2c /home/gsantini/st/stm32cubeide_1.16.1/plugins/com.st.stm32cube.ide.mcu.externaltools.gnu-tools-for-stm32.12.3.rel1.linux64_1.0.200.202406132123/tools/bin/../lib/gcc/arm-none-eabi/12.3.1/thumb/v7e-m+fp/hard/libgcc.a(_aeabi_uldivmod.o)
 .debug_frame   0x00002a80       0x34 /home/gsantini/st/stm32cubeide_1.16.1/plugins/com.st.stm32cube.ide.mcu.externaltools.gnu-tools-for-stm32.12.3.rel1.linux64_1.0.200.202406132123/tools/bin/../lib/gcc/arm-none-eabi/12.3.1/thumb/v7e-m+fp/hard/libgcc.a(_udivmoddi4.o)

.debug_line_str
                0x00000000       0x4e
 .debug_line_str
                0x00000000       0x4e ./Core/Startup/startup_stm32l476rgtx.o
